Archive member included to satisfy reference by file (symbol)

/Applications/ArmGNUToolchain/14.2.rel1/arm-none-eabi/bin/../lib/gcc/arm-none-eabi/14.2.1/../../../../arm-none-eabi/lib/thumb/v6-m/nofp/libstdc++.a(del_ops.o)
                              CMakeFiles/Fader.dir/main.cpp.o (operator delete(void*, unsigned int))
/Applications/ArmGNUToolchain/14.2.rel1/arm-none-eabi/bin/../lib/gcc/arm-none-eabi/14.2.1/../../../../arm-none-eabi/lib/thumb/v6-m/nofp/libstdc++.a(eh_arm.o)
                              CMakeFiles/Fader.dir/main.cpp.o (__cxa_end_cleanup)
/Applications/ArmGNUToolchain/14.2.rel1/arm-none-eabi/bin/../lib/gcc/arm-none-eabi/14.2.1/../../../../arm-none-eabi/lib/thumb/v6-m/nofp/libstdc++.a(eh_exception.o)
                              /Applications/ArmGNUToolchain/14.2.rel1/arm-none-eabi/bin/../lib/gcc/arm-none-eabi/14.2.1/../../../../arm-none-eabi/lib/thumb/v6-m/nofp/libstdc++.a(eh_arm.o) (typeinfo for __cxxabiv1::__forced_unwind)
/Applications/ArmGNUToolchain/14.2.rel1/arm-none-eabi/bin/../lib/gcc/arm-none-eabi/14.2.1/../../../../arm-none-eabi/lib/thumb/v6-m/nofp/libstdc++.a(eh_globals.o)
                              /Applications/ArmGNUToolchain/14.2.rel1/arm-none-eabi/bin/../lib/gcc/arm-none-eabi/14.2.1/../../../../arm-none-eabi/lib/thumb/v6-m/nofp/libstdc++.a(eh_arm.o) (__cxa_get_globals)
/Applications/ArmGNUToolchain/14.2.rel1/arm-none-eabi/bin/../lib/gcc/arm-none-eabi/14.2.1/../../../../arm-none-eabi/lib/thumb/v6-m/nofp/libstdc++.a(eh_personality.o)
                              CMakeFiles/Fader.dir/main.cpp.o (__gxx_personality_v0)
/Applications/ArmGNUToolchain/14.2.rel1/arm-none-eabi/bin/../lib/gcc/arm-none-eabi/14.2.1/../../../../arm-none-eabi/lib/thumb/v6-m/nofp/libstdc++.a(eh_terminate.o)
                              /Applications/ArmGNUToolchain/14.2.rel1/arm-none-eabi/bin/../lib/gcc/arm-none-eabi/14.2.1/../../../../arm-none-eabi/lib/thumb/v6-m/nofp/libstdc++.a(eh_arm.o) (std::terminate())
/Applications/ArmGNUToolchain/14.2.rel1/arm-none-eabi/bin/../lib/gcc/arm-none-eabi/14.2.1/../../../../arm-none-eabi/lib/thumb/v6-m/nofp/libstdc++.a(eh_unex_handler.o)
                              /Applications/ArmGNUToolchain/14.2.rel1/arm-none-eabi/bin/../lib/gcc/arm-none-eabi/14.2.1/../../../../arm-none-eabi/lib/thumb/v6-m/nofp/libstdc++.a(eh_terminate.o) (__cxxabiv1::__unexpected_handler)
/Applications/ArmGNUToolchain/14.2.rel1/arm-none-eabi/bin/../lib/gcc/arm-none-eabi/14.2.1/../../../../arm-none-eabi/lib/thumb/v6-m/nofp/libstdc++.a(si_class_type_info.o)
                              /Applications/ArmGNUToolchain/14.2.rel1/arm-none-eabi/bin/../lib/gcc/arm-none-eabi/14.2.1/../../../../arm-none-eabi/lib/thumb/v6-m/nofp/libstdc++.a(eh_exception.o) (vtable for __cxxabiv1::__si_class_type_info)
/Applications/ArmGNUToolchain/14.2.rel1/arm-none-eabi/bin/../lib/gcc/arm-none-eabi/14.2.1/../../../../arm-none-eabi/lib/thumb/v6-m/nofp/libstdc++.a(tinfo.o)
                              /Applications/ArmGNUToolchain/14.2.rel1/arm-none-eabi/bin/../lib/gcc/arm-none-eabi/14.2.1/../../../../arm-none-eabi/lib/thumb/v6-m/nofp/libstdc++.a(si_class_type_info.o) (std::type_info::__is_pointer_p() const)
/Applications/ArmGNUToolchain/14.2.rel1/arm-none-eabi/bin/../lib/gcc/arm-none-eabi/14.2.1/../../../../arm-none-eabi/lib/thumb/v6-m/nofp/libstdc++.a(vterminate.o)
                              /Applications/ArmGNUToolchain/14.2.rel1/arm-none-eabi/bin/../lib/gcc/arm-none-eabi/14.2.1/../../../../arm-none-eabi/lib/thumb/v6-m/nofp/libstdc++.a(eh_terminate.o) (__gnu_cxx::__verbose_terminate_handler())
/Applications/ArmGNUToolchain/14.2.rel1/arm-none-eabi/bin/../lib/gcc/arm-none-eabi/14.2.1/../../../../arm-none-eabi/lib/thumb/v6-m/nofp/libstdc++.a(class_type_info.o)
                              /Applications/ArmGNUToolchain/14.2.rel1/arm-none-eabi/bin/../lib/gcc/arm-none-eabi/14.2.1/../../../../arm-none-eabi/lib/thumb/v6-m/nofp/libstdc++.a(si_class_type_info.o) (__cxxabiv1::__class_type_info::__do_upcast(__cxxabiv1::__class_type_info const*, void**) const)
/Applications/ArmGNUToolchain/14.2.rel1/arm-none-eabi/bin/../lib/gcc/arm-none-eabi/14.2.1/../../../../arm-none-eabi/lib/thumb/v6-m/nofp/libstdc++.a(cp-demangle.o)
                              /Applications/ArmGNUToolchain/14.2.rel1/arm-none-eabi/bin/../lib/gcc/arm-none-eabi/14.2.1/../../../../arm-none-eabi/lib/thumb/v6-m/nofp/libstdc++.a(vterminate.o) (__cxa_demangle)
/Applications/ArmGNUToolchain/14.2.rel1/arm-none-eabi/bin/../lib/gcc/arm-none-eabi/14.2.1/../../../../arm-none-eabi/lib/thumb/v6-m/nofp/libstdc++.a(eh_call.o)
                              /Applications/ArmGNUToolchain/14.2.rel1/arm-none-eabi/bin/../lib/gcc/arm-none-eabi/14.2.1/../../../../arm-none-eabi/lib/thumb/v6-m/nofp/libstdc++.a(eh_personality.o) (__cxa_call_terminate)
/Applications/ArmGNUToolchain/14.2.rel1/arm-none-eabi/bin/../lib/gcc/arm-none-eabi/14.2.1/../../../../arm-none-eabi/lib/thumb/v6-m/nofp/libstdc++.a(eh_catch.o)
[...]
Memory Configuration

Name             Origin             Length             Attributes
FLASH            0x10000000         0x00200000         xr
RAM              0x20000000         0x00040000         xrw
SCRATCH_X        0x20040000         0x00001000         xrw
SCRATCH_Y        0x20041000         0x00001000         xrw
*default*        0x00000000         0xffffffff

Linker script and memory map

LOAD /Applications/ArmGNUToolchain/14.2.rel1/arm-none-eabi/bin/../lib/gcc/arm-none-eabi/14.2.1/thumb/v6-m/nofp/crti.o
LOAD /Applications/ArmGNUToolchain/14.2.rel1/arm-none-eabi/bin/../lib/gcc/arm-none-eabi/14.2.1/thumb/v6-m/nofp/crtbegin.o
LOAD /Applications/ArmGNUToolchain/14.2.rel1/arm-none-eabi/bin/../lib/gcc/arm-none-eabi/14.2.1/../../../../arm-none-eabi/lib/thumb/v6-m/nofp/crt0.o

.flash_begin    0x10000000        0x0
                0x10000000                        __flash_binary_start = .

.boot2          0x10000000      0x100
                0x10000000                        __boot2_start__ = .
 *(.boot2)
 .boot2         0x10000000      0x100 ../pico-sdk/src/rp2040/boot_stage2/CMakeFiles/bs2_default_library.dir/bs2_default_padded_checksummed.S.o
                0x10000100                        __boot2_end__ = .
                0x00000001                        ASSERT (((__boot2_end__ - __boot2_start__) == 0x100), ERROR: Pico second stage bootloader must be 256 bytes in size)

.text           0x10000100    0x15d44
                0x10000100                        __logical_binary_start = .
 *(.vectors)
 .vectors       0x10000100       0xd4 CMakeFiles/Fader.dir/Users/ianarchbell/Documents/Pico/pico-sdk/src/rp2_common/pico_crt0/crt0.S.o
                0x10000100                __VECTOR_TABLE
                0x10000100                __vectors
                0x100001c0                __default_isrs_start
                0x100001c0                isr_invalid
                0x100001c2                isr_nmi
                0x100001c4                isr_hardfault
                0x100001c6                isr_svcall
                0x100001c8                isr_pendsv
                0x100001ca                isr_systick
                0x100001cc                isr_irq28
                0x100001cc                isr_irq19
                0x100001cc                isr_irq0
                0x100001cc                isr_irq6
                0x100001cc                isr_irq22
                0x100001cc                isr_irq17
                0x100001cc                isr_irq14
                0x100001cc                isr_irq2
                0x100001cc                isr_irq10
                0x100001cc                isr_irq8
                0x100001cc                isr_irq24
                0x100001cc                isr_irq1
                0x100001cc                isr_irq7
                0x100001cc                isr_irq21
                0x100001cc                isr_irq20
                0x100001cc                isr_irq15
                0x100001cc                isr_irq25
                0x100001cc                isr_irq4
                0x100001cc                isr_irq16
                0x100001cc                isr_irq29
                0x100001cc                isr_irq26
                0x100001cc                __default_isrs_end
                0x100001cc                isr_irq3
                0x100001cc                isr_irq9
                0x100001cc                __unhandled_user_irq
                0x100001cc                isr_irq13
                0x100001cc                isr_irq27
                0x100001cc                isr_irq31
                0x100001cc                isr_irq5
                0x100001cc                isr_irq11
                0x100001cc                isr_irq23
                0x100001cc                isr_irq18
                0x100001cc                isr_irq30
                0x100001cc                isr_irq12
                0x100001d2                unhandled_user_irq_num_in_r0
 *(.binary_info_header)
 .binary_info_header
                0x100001d4       0x14 CMakeFiles/Fader.dir/Users/ianarchbell/Documents/Pico/pico-sdk/src/rp2_common/pico_crt0/crt0.S.o
                0x100001e8                        __binary_info_header_end = .
 *(.embedded_block)
                0x100001e8                        __embedded_block_end = .
 *(.reset)
 .reset         0x100001e8       0x9c CMakeFiles/Fader.dir/Users/ianarchbell/Documents/Pico/pico-sdk/src/rp2_common/pico_crt0/crt0.S.o
                0x100001e8                _entry_point
 *(.init)
 .init          0x10000284        0x4 /Applications/ArmGNUToolchain/14.2.rel1/arm-none-eabi/bin/../lib/gcc/arm-none-eabi/14.2.1/thumb/v6-m/nofp/crti.o
                0x10000284                _init
 *(EXCLUDE_FILE(*libm.a: *libc.a:*lib_a-mem*.o *libgcc.a:) .text*)
 .text.register_tm_clones
                0x10000288       0x28 /Applications/ArmGNUToolchain/14.2.rel1/arm-none-eabi/bin/../lib/gcc/arm-none-eabi/14.2.1/thumb/v6-m/nofp/crtbegin.o
 .text.frame_dummy
                0x100002b0       0x24 /Applications/ArmGNUToolchain/14.2.rel1/arm-none-eabi/bin/../lib/gcc/arm-none-eabi/14.2.1/thumb/v6-m/nofp/crtbegin.o
 .text._Z12runTimeStatsv
                0x100002d4       0xc0 CMakeFiles/Fader.dir/main.cpp.o
                0x100002d4                runTimeStats()
 .text._Z8mainTaskPv
                0x10000394      0x198 CMakeFiles/Fader.dir/main.cpp.o
                0x10000394                mainTask(void*)
 .text._Z7vLaunchv
                0x1000052c       0x2c CMakeFiles/Fader.dir/main.cpp.o
                0x1000052c                vLaunch()
 .text.main     0x10000558       0x30 CMakeFiles/Fader.dir/main.cpp.o
                0x10000558                main
 .text.pwm_init
                0x10000588       0x34 CMakeFiles/Fader.dir/Fader.cpp.o
 .text.pwm_set_chan_level
                0x100005bc       0x38 CMakeFiles/Fader.dir/Fader.cpp.o
 .text.pwm_set_gpio_level
                0x100005f4       0x24 CMakeFiles/Fader.dir/Fader.cpp.o
 .text._ZN5FaderD2Ev
                0x10000618       0x1c CMakeFiles/Fader.dir/Fader.cpp.o
                0x10000618                Fader::~Fader()
                0x10000618                Fader::~Fader()
 .text._ZN5FaderD0Ev
                0x10000634       0x14 CMakeFiles/Fader.dir/Fader.cpp.o
                0x10000634                Fader::~Fader()
 .text._ZN5Fader4fadeEii
                0x10000648       0x54 CMakeFiles/Fader.dir/Fader.cpp.o
                0x10000648                Fader::fade(int, int)
 .text._ZN5Fader11set_pwm_pinEjj
                0x1000069c       0xc0 CMakeFiles/Fader.dir/Fader.cpp.o
                0x1000069c                Fader::set_pwm_pin(unsigned int, unsigned int)
 .text._ZN5Fader3runEPv
                0x1000075c       0x4c CMakeFiles/Fader.dir/Fader.cpp.o
                0x1000075c                Fader::run(void*)
 .text._ZN5BlinkD2Ev
                0x100007a8       0x1c CMakeFiles/Fader.dir/Blink.cpp.o
                0x100007a8                Blink::~Blink()
                0x100007a8                Blink::~Blink()
 .text._ZN5BlinkD0Ev
                0x100007c4       0x14 CMakeFiles/Fader.dir/Blink.cpp.o
                0x100007c4                Blink::~Blink()
 .text._ZN5Blink3runEPv
                0x100007d8       0x40 CMakeFiles/Fader.dir/Blink.cpp.o
                0x100007d8                Blink::run(void*)
 .text._ZN4TaskC2EPKcmh
                0x10000818       0x1c CMakeFiles/Fader.dir/Task.cpp.o
                0x10000818                Task::Task(char const*, unsigned long, unsigned char)
                0x10000818                Task::Task(char const*, unsigned long, unsigned char)
 .text._ZN4TaskD2Ev
                0x10000834        0xc CMakeFiles/Fader.dir/Task.cpp.o
                0x10000834                Task::~Task()
                0x10000834                Task::~Task()
 .text._ZN4Task5startEPv
                0x10000840       0x40 CMakeFiles/Fader.dir/Task.cpp.o
                0x10000840                Task::start(void*)
 .text._ZN4Task4stopEv
                0x10000880       0x14 CMakeFiles/Fader.dir/Task.cpp.o
                0x10000880                Task::stop()
 .text._ZN4Task7runTaskEPv
                0x10000894       0x30 CMakeFiles/Fader.dir/Task.cpp.o
                0x10000894                Task::runTask(void*)
 .text._ZN4DumbD2Ev
                0x100008c4        0xc CMakeFiles/Fader.dir/Dumb.cpp.o
                0x100008c4                Dumb::~Dumb()
                0x100008c4                Dumb::~Dumb()
 .text._ZN4DumbD0Ev
                0x100008d0       0x14 CMakeFiles/Fader.dir/Dumb.cpp.o
                0x100008d0                Dumb::~Dumb()
 .text._ZN4DumbC2Ev
                0x100008e4        0xc CMakeFiles/Fader.dir/Dumb.cpp.o
                0x100008e4                Dumb::Dumb()
                0x100008e4                Dumb::Dumb()
 .text.gpio_set_function
                0x100008f0       0x34 CMakeFiles/Fader.dir/Users/ianarchbell/Documents/Pico/pico-sdk/src/rp2_common/hardware_gpio/gpio.c.o
                0x100008f0                gpio_set_function
 .text.gpio_set_pulls
                0x10000924       0x38 CMakeFiles/Fader.dir/Users/ianarchbell/Documents/Pico/pico-sdk/src/rp2_common/hardware_gpio/gpio.c.o
                0x10000924                gpio_set_pulls
 .text.gpio_set_input_hysteresis_enabled
                0x1000095c       0x28 CMakeFiles/Fader.dir/Users/ianarchbell/Documents/Pico/pico-sdk/src/rp2_common/hardware_gpio/gpio.c.o
                0x1000095c                gpio_set_input_hysteresis_enabled
 .text.gpio_add_raw_irq_handler_with_order_priority_masked
                0x10000984       0x40 CMakeFiles/Fader.dir/Users/ianarchbell/Documents/Pico/pico-sdk/src/rp2_common/hardware_gpio/gpio.c.o
                0x10000984                gpio_add_raw_irq_handler_with_order_priority_masked
 .text.gpio_remove_raw_irq_handler_masked
                0x100009c4       0x48 CMakeFiles/Fader.dir/Users/ianarchbell/Documents/Pico/pico-sdk/src/rp2_common/hardware_gpio/gpio.c.o
                0x100009c4                gpio_remove_raw_irq_handler_masked
 .text.gpio_acknowledge_irq
                0x10000a0c       0x18 CMakeFiles/Fader.dir/Users/ianarchbell/Documents/Pico/pico-sdk/src/rp2_common/hardware_gpio/gpio.c.o
                0x10000a0c                gpio_acknowledge_irq
 .text._gpio_set_irq_enabled
                0x10000a24       0x38 CMakeFiles/Fader.dir/Users/ianarchbell/Documents/Pico/pico-sdk/src/rp2_common/hardware_gpio/gpio.c.o
 .text.gpio_set_irq_enabled
                0x10000a5c       0x68 CMakeFiles/Fader.dir/Users/ianarchbell/Documents/Pico/pico-sdk/src/rp2_common/hardware_gpio/gpio.c.o
                0x10000a5c                gpio_set_irq_enabled
 .text.gpio_init
                0x10000ac4       0x16 CMakeFiles/Fader.dir/Users/ianarchbell/Documents/Pico/pico-sdk/src/rp2_common/hardware_gpio/gpio.c.o
                0x10000ac4                gpio_init
 *fill*         0x10000ada        0x2 
 .text.panic    0x10000adc       0x30 CMakeFiles/Fader.dir/Users/ianarchbell/Documents/Pico/pico-sdk/src/rp2_common/pico_platform_panic/panic.c.o
                0x10000adc                panic
 .text.panic_unsupported
                0x10000b0c        0xc CMakeFiles/Fader.dir/Users/ianarchbell/Documents/Pico/pico-sdk/src/rp2_common/pico_platform_panic/panic.c.o
                0x10000b0c                panic_unsupported
 .text.hw_claim_lock
                0x10000b18       0x18 CMakeFiles/Fader.dir/Users/ianarchbell/Documents/Pico/pico-sdk/src/common/hardware_claim/claim.c.o
                0x10000b18                hw_claim_lock
 .text.hw_claim_unlock
                0x10000b30       0x14 CMakeFiles/Fader.dir/Users/ianarchbell/Documents/Pico/pico-sdk/src/common/hardware_claim/claim.c.o
                0x10000b30                hw_claim_unlock
 .text.hw_claim_or_assert
                0x10000b44       0x32 CMakeFiles/Fader.dir/Users/ianarchbell/Documents/Pico/pico-sdk/src/common/hardware_claim/claim.c.o
                0x10000b44                hw_claim_or_assert
 .text.hw_claim_unused_from_range
                0x10000b76       0x50 CMakeFiles/Fader.dir/Users/ianarchbell/Documents/Pico/pico-sdk/src/common/hardware_claim/claim.c.o
                0x10000b76                hw_claim_unused_from_range
 *fill*         0x10000bc6        0x2 
 .text.hw_claim_clear
                0x10000bc8       0x40 CMakeFiles/Fader.dir/Users/ianarchbell/Documents/Pico/pico-sdk/src/common/hardware_claim/claim.c.o
                0x10000bc8                hw_claim_clear
 .text.next_striped_spin_lock_num
                0x10000c08       0x1c CMakeFiles/Fader.dir/Users/ianarchbell/Documents/Pico/pico-sdk/src/rp2_common/hardware_sync/sync.c.o
                0x10000c08                next_striped_spin_lock_num
 .text.spin_lock_claim
                0x10000c24       0x18 CMakeFiles/Fader.dir/Users/ianarchbell/Documents/Pico/pico-sdk/src/rp2_common/hardware_sync/sync.c.o
                0x10000c24                spin_lock_claim
 .text.spin_locks_reset
                0x10000c3c       0x20 CMakeFiles/Fader.dir/Users/ianarchbell/Documents/Pico/pico-sdk/src/rp2_common/hardware_sync_spin_lock/sync_spin_lock.c.o
                0x10000c3c                spin_locks_reset
 .text.set_raw_irq_handler_and_unlock
                0x10000c5c       0x28 CMakeFiles/Fader.dir/Users/ianarchbell/Documents/Pico/pico-sdk/src/rp2_common/hardware_irq/irq.c.o
 .text.nvic_ipr0
                0x10000c84        0x8 CMakeFiles/Fader.dir/Users/ianarchbell/Documents/Pico/pico-sdk/src/rp2_common/hardware_irq/irq.c.o
 .text.runtime_init_per_core_irq_priorities
                0x10000c8c       0x1c CMakeFiles/Fader.dir/Users/ianarchbell/Documents/Pico/pico-sdk/src/rp2_common/hardware_irq/irq.c.o
                0x10000c8c                runtime_init_per_core_irq_priorities
 .text.get_user_irq_claim_index
                0x10000ca8        0x6 CMakeFiles/Fader.dir/Users/ianarchbell/Documents/Pico/pico-sdk/src/rp2_common/hardware_irq/irq.c.o
 *fill*         0x10000cae        0x2 
 .text.resolve_j_16
                0x10000cb0       0x30 CMakeFiles/Fader.dir/Users/ianarchbell/Documents/Pico/pico-sdk/src/rp2_common/hardware_irq/irq.c.o
 .text.make_j_16
                0x10000ce0       0x48 CMakeFiles/Fader.dir/Users/ianarchbell/Documents/Pico/pico-sdk/src/rp2_common/hardware_irq/irq.c.o
 .text.insert_bl_32
                0x10000d28       0x40 CMakeFiles/Fader.dir/Users/ianarchbell/Documents/Pico/pico-sdk/src/rp2_common/hardware_irq/irq.c.o
 .text.irq_is_enabled
                0x10000d68       0x18 CMakeFiles/Fader.dir/Users/ianarchbell/Documents/Pico/pico-sdk/src/rp2_common/hardware_irq/irq.c.o
                0x10000d68                irq_is_enabled
 .text.irq_set_mask_n_enabled
                0x10000d80       0x1c CMakeFiles/Fader.dir/Users/ianarchbell/Documents/Pico/pico-sdk/src/rp2_common/hardware_irq/irq.c.o
                0x10000d80                irq_set_mask_n_enabled
 .text.irq_set_enabled
                0x10000d9c       0x14 CMakeFiles/Fader.dir/Users/ianarchbell/Documents/Pico/pico-sdk/src/rp2_common/hardware_irq/irq.c.o
                0x10000d9c                irq_set_enabled
 .text.irq_set_pending
                0x10000db0       0x10 CMakeFiles/Fader.dir/Users/ianarchbell/Documents/Pico/pico-sdk/src/rp2_common/hardware_irq/irq.c.o
                0x10000db0                irq_set_pending
 .text.irq_get_vtable_handler
                0x10000dc0       0x10 CMakeFiles/Fader.dir/Users/ianarchbell/Documents/Pico/pico-sdk/src/rp2_common/hardware_irq/irq.c.o
                0x10000dc0                irq_get_vtable_handler
 .text.irq_set_exclusive_handler
                0x10000dd0       0x54 CMakeFiles/Fader.dir/Users/ianarchbell/Documents/Pico/pico-sdk/src/rp2_common/hardware_irq/irq.c.o
                0x10000dd0                irq_set_exclusive_handler
 .text.irq_add_shared_handler
                0x10000e24      0x218 CMakeFiles/Fader.dir/Users/ianarchbell/Documents/Pico/pico-sdk/src/rp2_common/hardware_irq/irq.c.o
                0x10000e24                irq_add_shared_handler
 .text.irq_remove_handler
                0x1000103c      0x18c CMakeFiles/Fader.dir/Users/ianarchbell/Documents/Pico/pico-sdk/src/rp2_common/hardware_irq/irq.c.o
                0x1000103c                irq_remove_handler
 .text.irq_set_priority
                0x100011c8       0x26 CMakeFiles/Fader.dir/Users/ianarchbell/Documents/Pico/pico-sdk/src/rp2_common/hardware_irq/irq.c.o
                0x100011c8                irq_set_priority
 *fill*         0x100011ee        0x2 
 .text.irq_add_tail_to_free_list
                0x100011f0       0xf4 CMakeFiles/Fader.dir/Users/ianarchbell/Documents/Pico/pico-sdk/src/rp2_common/hardware_irq/irq.c.o
                0x100011f0                irq_add_tail_to_free_list
 .text.user_irq_unclaim
                0x100012e4       0x18 CMakeFiles/Fader.dir/Users/ianarchbell/Documents/Pico/pico-sdk/src/rp2_common/hardware_irq/irq.c.o
                0x100012e4                user_irq_unclaim
 .text.user_irq_claim_unused
                0x100012fc       0x2c CMakeFiles/Fader.dir/Users/ianarchbell/Documents/Pico/pico-sdk/src/rp2_common/hardware_irq/irq.c.o
                0x100012fc                user_irq_claim_unused
 .text.sem_init
                0x10001328       0x1e CMakeFiles/Fader.dir/Users/ianarchbell/Documents/Pico/pico-sdk/src/common/pico_sync/sem.c.o
                0x10001328                sem_init
 *fill*         0x10001346        0x2 
 .text.lock_init
                0x10001348       0x10 CMakeFiles/Fader.dir/Users/ianarchbell/Documents/Pico/pico-sdk/src/common/pico_sync/lock_core.c.o
                0x10001348                lock_init
 .text.mutex_init
                0x10001358       0x1c CMakeFiles/Fader.dir/Users/ianarchbell/Documents/Pico/pico-sdk/src/common/pico_sync/mutex.c.o
                0x10001358                mutex_init
 .text.recursive_mutex_init
                0x10001374       0x20 CMakeFiles/Fader.dir/Users/ianarchbell/Documents/Pico/pico-sdk/src/common/pico_sync/mutex.c.o
                0x10001374                recursive_mutex_init
 .text.runtime_init_mutex
                0x10001394       0x4c CMakeFiles/Fader.dir/Users/ianarchbell/Documents/Pico/pico-sdk/src/common/pico_sync/mutex.c.o
                0x10001394                runtime_init_mutex
 .text.make_alarm_id
                0x100013e0        0x6 CMakeFiles/Fader.dir/Users/ianarchbell/Documents/Pico/pico-sdk/src/common/pico_time/time.c.o
 *fill*         0x100013e6        0x2 
 .text.alarm_pool_irq_handler
                0x100013e8      0x300 CMakeFiles/Fader.dir/Users/ianarchbell/Documents/Pico/pico-sdk/src/common/pico_time/time.c.o
 .text.ta_enable_irq_handler
                0x100016e8       0x2c CMakeFiles/Fader.dir/Users/ianarchbell/Documents/Pico/pico-sdk/src/common/pico_time/time.c.o
 .text.alarm_pool_post_alloc_init
                0x10001714       0x78 CMakeFiles/Fader.dir/Users/ianarchbell/Documents/Pico/pico-sdk/src/common/pico_time/time.c.o
 .text.ta_disable_irq_handler
                0x1000178c       0x30 CMakeFiles/Fader.dir/Users/ianarchbell/Documents/Pico/pico-sdk/src/common/pico_time/time.c.o
 .text.sleep_until_callback
                0x100017bc       0x28 CMakeFiles/Fader.dir/Users/ianarchbell/Documents/Pico/pico-sdk/src/common/pico_time/time.c.o
 .text.alarm_pool_get_default
                0x100017e4       0x2c CMakeFiles/Fader.dir/Users/ianarchbell/Documents/Pico/pico-sdk/src/common/pico_time/time.c.o
                0x100017e4                alarm_pool_get_default
 .text.alarm_pool_create_on_timer_with_unused_hardware_alarm
                0x10001810       0x32 CMakeFiles/Fader.dir/Users/ianarchbell/Documents/Pico/pico-sdk/src/common/pico_time/time.c.o
                0x10001810                alarm_pool_create_on_timer_with_unused_hardware_alarm
 *fill*         0x10001842        0x2 
 .text.alarm_pool_destroy
                0x10001844       0x70 CMakeFiles/Fader.dir/Users/ianarchbell/Documents/Pico/pico-sdk/src/common/pico_time/time.c.o
                0x10001844                alarm_pool_destroy
 .text.alarm_pool_add_alarm_at_force_in_context
                0x100018b4       0xa4 CMakeFiles/Fader.dir/Users/ianarchbell/Documents/Pico/pico-sdk/src/common/pico_time/time.c.o
                0x100018b4                alarm_pool_add_alarm_at_force_in_context
 .text.alarm_pool_add_alarm_at
                0x10001958       0x3c CMakeFiles/Fader.dir/Users/ianarchbell/Documents/Pico/pico-sdk/src/common/pico_time/time.c.o
                0x10001958                alarm_pool_add_alarm_at
 .text.add_alarm_at
                0x10001994       0x2e CMakeFiles/Fader.dir/Users/ianarchbell/Documents/Pico/pico-sdk/src/common/pico_time/time.c.o
 *fill*         0x100019c2        0x2 
 .text.alarm_pool_cancel_alarm
                0x100019c4       0x78 CMakeFiles/Fader.dir/Users/ianarchbell/Documents/Pico/pico-sdk/src/common/pico_time/time.c.o
                0x100019c4                alarm_pool_cancel_alarm
 .text.cancel_alarm
                0x10001a3c       0x10 CMakeFiles/Fader.dir/Users/ianarchbell/Documents/Pico/pico-sdk/src/common/pico_time/time.c.o
 .text.alarm_pool_core_num
                0x10001a4c        0x4 CMakeFiles/Fader.dir/Users/ianarchbell/Documents/Pico/pico-sdk/src/common/pico_time/time.c.o
                0x10001a4c                alarm_pool_core_num
 .text.sleep_until
                0x10001a50       0xa4 CMakeFiles/Fader.dir/Users/ianarchbell/Documents/Pico/pico-sdk/src/common/pico_time/time.c.o
                0x10001a50                sleep_until
 .text.sleep_us
                0x10001af4       0x24 CMakeFiles/Fader.dir/Users/ianarchbell/Documents/Pico/pico-sdk/src/common/pico_time/time.c.o
                0x10001af4                sleep_us
 .text.sleep_ms
                0x10001b18       0x14 CMakeFiles/Fader.dir/Users/ianarchbell/Documents/Pico/pico-sdk/src/common/pico_time/time.c.o
                0x10001b18                sleep_ms
 .text.best_effort_wfe_or_timeout
                0x10001b2c       0xf4 CMakeFiles/Fader.dir/Users/ianarchbell/Documents/Pico/pico-sdk/src/common/pico_time/time.c.o
                0x10001b2c                best_effort_wfe_or_timeout
 .text.alarm_pool_get_default_timer
                0x10001c20        0x8 CMakeFiles/Fader.dir/Users/ianarchbell/Documents/Pico/pico-sdk/src/common/pico_time/time.c.o
                0x10001c20                alarm_pool_get_default_timer
 .text.runtime_init_default_alarm_pool
                0x10001c28       0x38 CMakeFiles/Fader.dir/Users/ianarchbell/Documents/Pico/pico-sdk/src/common/pico_time/time.c.o
                0x10001c28                runtime_init_default_alarm_pool
 .text.timer_hardware_alarm_claim
                0x10001c60       0x14 CMakeFiles/Fader.dir/Users/ianarchbell/Documents/Pico/pico-sdk/src/rp2_common/hardware_timer/timer.c.o
                0x10001c60                timer_hardware_alarm_claim
 .text.timer_hardware_alarm_unclaim
                0x10001c74       0x10 CMakeFiles/Fader.dir/Users/ianarchbell/Documents/Pico/pico-sdk/src/rp2_common/hardware_timer/timer.c.o
                0x10001c74                timer_hardware_alarm_unclaim
 .text.hardware_alarm_unclaim
                0x10001c84       0x10 CMakeFiles/Fader.dir/Users/ianarchbell/Documents/Pico/pico-sdk/src/rp2_common/hardware_timer/timer.c.o
                0x10001c84                hardware_alarm_unclaim
 .text.timer_hardware_alarm_claim_unused
                0x10001c94       0x20 CMakeFiles/Fader.dir/Users/ianarchbell/Documents/Pico/pico-sdk/src/rp2_common/hardware_timer/timer.c.o
                0x10001c94                timer_hardware_alarm_claim_unused
 .text.timer_time_us_64
                0x10001cb4       0x10 CMakeFiles/Fader.dir/Users/ianarchbell/Documents/Pico/pico-sdk/src/rp2_common/hardware_timer/timer.c.o
                0x10001cb4                timer_time_us_64
 .text.timer_busy_wait_until
                0x10001cc4       0x1a CMakeFiles/Fader.dir/Users/ianarchbell/Documents/Pico/pico-sdk/src/rp2_common/hardware_timer/timer.c.o
                0x10001cc4                timer_busy_wait_until
 .text.timer_busy_wait_us
                0x10001cde       0x38 CMakeFiles/Fader.dir/Users/ianarchbell/Documents/Pico/pico-sdk/src/rp2_common/hardware_timer/timer.c.o
                0x10001cde                timer_busy_wait_us
 *fill*         0x10001d16        0x2 
 .text.time_us_64
                0x10001d18       0x10 CMakeFiles/Fader.dir/Users/ianarchbell/Documents/Pico/pico-sdk/src/rp2_common/hardware_timer/timer.c.o
                0x10001d18                time_us_64
 .text.busy_wait_us
                0x10001d28       0x14 CMakeFiles/Fader.dir/Users/ianarchbell/Documents/Pico/pico-sdk/src/rp2_common/hardware_timer/timer.c.o
                0x10001d28                busy_wait_us
 .text.busy_wait_until
                0x10001d3c       0x14 CMakeFiles/Fader.dir/Users/ianarchbell/Documents/Pico/pico-sdk/src/rp2_common/hardware_timer/timer.c.o
                0x10001d3c                busy_wait_until
 .text.uart_unreset
                0x10001d50       0x2c CMakeFiles/Fader.dir/Users/ianarchbell/Documents/Pico/pico-sdk/src/rp2_common/hardware_uart/uart.c.o
 .text.uart_disable_before_lcr_write
                0x10001d7c       0x48 CMakeFiles/Fader.dir/Users/ianarchbell/Documents/Pico/pico-sdk/src/rp2_common/hardware_uart/uart.c.o
 .text.uart_write_lcr_bits_masked
                0x10001dc4       0x20 CMakeFiles/Fader.dir/Users/ianarchbell/Documents/Pico/pico-sdk/src/rp2_common/hardware_uart/uart.c.o
 .text.uart_set_baudrate
                0x10001de4       0x5c CMakeFiles/Fader.dir/Users/ianarchbell/Documents/Pico/pico-sdk/src/rp2_common/hardware_uart/uart.c.o
                0x10001de4                uart_set_baudrate
 .text.uart_set_translate_crlf
                0x10001e40       0x28 CMakeFiles/Fader.dir/Users/ianarchbell/Documents/Pico/pico-sdk/src/rp2_common/hardware_uart/uart.c.o
                0x10001e40                uart_set_translate_crlf
 .text.uart_init
                0x10001e68       0x64 CMakeFiles/Fader.dir/Users/ianarchbell/Documents/Pico/pico-sdk/src/rp2_common/hardware_uart/uart.c.o
                0x10001e68                uart_init
 .text.clock_configure_internal
                0x10001ecc       0xc4 CMakeFiles/Fader.dir/Users/ianarchbell/Documents/Pico/pico-sdk/src/rp2_common/hardware_clocks/clocks.c.o
 .text.clock_configure_int_divider
                0x10001f90       0x28 CMakeFiles/Fader.dir/Users/ianarchbell/Documents/Pico/pico-sdk/src/rp2_common/hardware_clocks/clocks.c.o
                0x10001f90                clock_configure_int_divider
 .text.clock_configure_undivided
                0x10001fb8       0x12 CMakeFiles/Fader.dir/Users/ianarchbell/Documents/Pico/pico-sdk/src/rp2_common/hardware_clocks/clocks.c.o
                0x10001fb8                clock_configure_undivided
 *fill*         0x10001fca        0x2 
 .text.clock_get_hz
                0x10001fcc        0xc CMakeFiles/Fader.dir/Users/ianarchbell/Documents/Pico/pico-sdk/src/rp2_common/hardware_clocks/clocks.c.o
                0x10001fcc                clock_get_hz
 .text.pll_init
                0x10001fd8      0x124 CMakeFiles/Fader.dir/Users/ianarchbell/Documents/Pico/pico-sdk/src/rp2_common/hardware_pll/pll.c.o
                0x10001fd8                pll_init
 .text.tick_start
                0x100020fc       0x10 CMakeFiles/Fader.dir/Users/ianarchbell/Documents/Pico/pico-sdk/src/rp2_common/hardware_ticks/ticks.c.o
                0x100020fc                tick_start
 .text.rom_func_lookup
                0x1000210c       0x10 CMakeFiles/Fader.dir/Users/ianarchbell/Documents/Pico/pico-sdk/src/rp2_common/pico_bootrom/bootrom.c.o
                0x1000210c                rom_func_lookup
 .text.rom_data_lookup
                0x1000211c       0x10 CMakeFiles/Fader.dir/Users/ianarchbell/Documents/Pico/pico-sdk/src/rp2_common/pico_bootrom/bootrom.c.o
                0x1000211c                rom_data_lookup
 .text.rom_funcs_lookup
                0x1000212c       0x36 CMakeFiles/Fader.dir/Users/ianarchbell/Documents/Pico/pico-sdk/src/rp2_common/pico_bootrom/bootrom.c.o
                0x1000212c                rom_funcs_lookup
 *fill*         0x10002162        0x2 
 .text.xosc_init
                0x10002164       0x28 CMakeFiles/Fader.dir/Users/ianarchbell/Documents/Pico/pico-sdk/src/rp2_common/hardware_xosc/xosc.c.o
                0x10002164                xosc_init
 .text.runtime_run_initializers_from
                0x1000218c       0x18 CMakeFiles/Fader.dir/Users/ianarchbell/Documents/Pico/pico-sdk/src/rp2_common/pico_runtime/runtime.c.o
 .text.first_per_core_initializer
                0x100021a4        0x2 CMakeFiles/Fader.dir/Users/ianarchbell/Documents/Pico/pico-sdk/src/rp2_common/pico_runtime/runtime.c.o
 *fill*         0x100021a6        0x2 
 .text.runtime_run_initializers
                0x100021a8       0x10 CMakeFiles/Fader.dir/Users/ianarchbell/Documents/Pico/pico-sdk/src/rp2_common/pico_runtime/runtime.c.o
                0x100021a8                runtime_run_initializers
 .text.runtime_run_per_core_initializers
                0x100021b8       0x10 CMakeFiles/Fader.dir/Users/ianarchbell/Documents/Pico/pico-sdk/src/rp2_common/pico_runtime/runtime.c.o
                0x100021b8                runtime_run_per_core_initializers
 .text.runtime_init_early_resets
                0x100021c8       0x2c CMakeFiles/Fader.dir/Users/ianarchbell/Documents/Pico/pico-sdk/src/rp2_common/pico_runtime_init/runtime_init.c.o
                0x100021c8                runtime_init_early_resets
 .text.runtime_init_usb_power_down
                0x100021f4       0x1c CMakeFiles/Fader.dir/Users/ianarchbell/Documents/Pico/pico-sdk/src/rp2_common/pico_runtime_init/runtime_init.c.o
                0x100021f4                runtime_init_usb_power_down
 .text.runtime_init_post_clock_resets
                0x10002210       0x20 CMakeFiles/Fader.dir/Users/ianarchbell/Documents/Pico/pico-sdk/src/rp2_common/pico_runtime_init/runtime_init.c.o
                0x10002210                runtime_init_post_clock_resets
 .text.runtime_init_rp2040_gpio_ie_disable
                0x10002230       0x14 CMakeFiles/Fader.dir/Users/ianarchbell/Documents/Pico/pico-sdk/src/rp2_common/pico_runtime_init/runtime_init.c.o
                0x10002230                runtime_init_rp2040_gpio_ie_disable
 .text.runtime_init_spin_locks_reset
                0x10002244        0x8 CMakeFiles/Fader.dir/Users/ianarchbell/Documents/Pico/pico-sdk/src/rp2_common/pico_runtime_init/runtime_init.c.o
                0x10002244                runtime_init_spin_locks_reset
 .text.runtime_init_install_ram_vector_table
                0x1000224c       0x1c CMakeFiles/Fader.dir/Users/ianarchbell/Documents/Pico/pico-sdk/src/rp2_common/pico_runtime_init/runtime_init.c.o
                0x1000224c                runtime_init_install_ram_vector_table
 .text.start_all_ticks
                0x10002268       0x28 CMakeFiles/Fader.dir/Users/ianarchbell/Documents/Pico/pico-sdk/src/rp2_common/pico_runtime_init/runtime_init_clocks.c.o
 .text.runtime_init_clocks
                0x10002290       0xcc CMakeFiles/Fader.dir/Users/ianarchbell/Documents/Pico/pico-sdk/src/rp2_common/pico_runtime_init/runtime_init_clocks.c.o
                0x10002290                runtime_init_clocks
 .text          0x1000235c       0x10 CMakeFiles/Fader.dir/Users/ianarchbell/Documents/Pico/pico-sdk/src/rp2_common/pico_bit_ops/bit_ops_aeabi.S.o
 .text.ctzsi    0x1000236c        0xc CMakeFiles/Fader.dir/Users/ianarchbell/Documents/Pico/pico-sdk/src/rp2_common/pico_bit_ops/bit_ops_aeabi.S.o
                0x1000236c                __wrap___ctzsi2
 .text.__wrap___aeabi_idiv
                0x10002378       0x50 CMakeFiles/Fader.dir/Users/ianarchbell/Documents/Pico/pico-sdk/src/rp2_common/pico_divider/divider_hardware.S.o
                0x10002378                __wrap___aeabi_idivmod
                0x10002378                divmod_s32s32
                0x10002378                div_s32s32
                0x10002378                __wrap___aeabi_idiv
                0x10002380                divmod_s32s32_unsafe
                0x100023ac                divmod_s32s32_savestate
 .text.__wrap___aeabi_uidiv
                0x100023c8       0x4c CMakeFiles/Fader.dir/Users/ianarchbell/Documents/Pico/pico-sdk/src/rp2_common/pico_divider/divider_hardware.S.o
                0x100023c8                __wrap___aeabi_uidiv
                0x100023c8                __wrap___aeabi_uidivmod
                0x100023c8                div_u32u32
                0x100023c8                divmod_u32u32
                0x100023d0                divmod_u32u32_unsafe
                0x100023f8                divmod_u32u32_savestate
 .text.__wrap___aeabi_ldiv
                0x10002414      0x424 CMakeFiles/Fader.dir/Users/ianarchbell/Documents/Pico/pico-sdk/src/rp2_common/pico_divider/divider_hardware.S.o
                0x10002414                __wrap___aeabi_ldivmod
                0x10002414                div_s64s64
                0x10002414                divmod_s64s64
                0x10002444                divmod_u64u64
                0x10002444                div_u64u64
                0x10002444                __wrap___aeabi_uldivmod
                0x10002454                divmod_u64u64_savestate
                0x10002474                divmod_s64s64_unsafe
                0x100024fc                divmod_u64u64_unsafe
 .text.__wrap___aeabi_darithmetic
                0x10002838       0x60 CMakeFiles/Fader.dir/Users/ianarchbell/Documents/Pico/pico-sdk/src/rp2_common/pico_double/double_aeabi_rp2040.S.o
                0x10002838                __wrap___aeabi_drsub
                0x1000283e                __wrap___aeabi_dsub
                0x10002848                __wrap___aeabi_dadd
                0x10002852                __wrap___aeabi_ddiv
                0x10002886                __wrap___aeabi_dmul
 .text.__wrap___aeabi_cdcmple
                0x10002898       0x6c CMakeFiles/Fader.dir/Users/ianarchbell/Documents/Pico/pico-sdk/src/rp2_common/pico_double/double_aeabi_rp2040.S.o
                0x10002898                __wrap___aeabi_cdrcmple
                0x100028a8                __wrap___aeabi_cdcmple
                0x100028a8                __wrap___aeabi_cdcmpeq
 .text.__wrap___aeabi_dcmplt
                0x10002904        0xc CMakeFiles/Fader.dir/Users/ianarchbell/Documents/Pico/pico-sdk/src/rp2_common/pico_double/double_aeabi_rp2040.S.o
                0x10002904                __wrap___aeabi_dcmplt
 .text.__wrap___aeabi_dcmple
                0x10002910       0x10 CMakeFiles/Fader.dir/Users/ianarchbell/Documents/Pico/pico-sdk/src/rp2_common/pico_double/double_aeabi_rp2040.S.o
                0x10002910                __wrap___aeabi_dcmple
 .text.__wrap___aeabi_dcmpge
                0x10002920       0x10 CMakeFiles/Fader.dir/Users/ianarchbell/Documents/Pico/pico-sdk/src/rp2_common/pico_double/double_aeabi_rp2040.S.o
                0x10002920                __wrap___aeabi_dcmpge
 .text.__wrap___aeabi_dcmpgt
                0x10002930        0xa CMakeFiles/Fader.dir/Users/ianarchbell/Documents/Pico/pico-sdk/src/rp2_common/pico_double/double_aeabi_rp2040.S.o
                0x10002930                __wrap___aeabi_dcmpgt
 .text.__wrap___aeabi_dcmpun
                0x1000293a       0x18 CMakeFiles/Fader.dir/Users/ianarchbell/Documents/Pico/pico-sdk/src/rp2_common/pico_double/double_aeabi_rp2040.S.o
                0x1000293a                __wrap___aeabi_dcmpun
 *fill*         0x10002952        0x2 
 .text.__wrap___aeabi_i2d
                0x10002954       0x38 CMakeFiles/Fader.dir/Users/ianarchbell/Documents/Pico/pico-sdk/src/rp2_common/pico_double/double_aeabi_rp2040.S.o
                0x10002954                __wrap___aeabi_ui2d
                0x1000295c                __wrap___aeabi_i2d
 .text.__wrap___aeabi_d2iz
                0x1000298c       0x48 CMakeFiles/Fader.dir/Users/ianarchbell/Documents/Pico/pico-sdk/src/rp2_common/pico_double/double_aeabi_rp2040.S.o
                0x1000298c                __wrap___aeabi_d2iz
                0x1000298c                double2int_z
 .text.__wrap___aeabi_d2uiz
                0x100029d4       0x10 CMakeFiles/Fader.dir/Users/ianarchbell/Documents/Pico/pico-sdk/src/rp2_common/pico_double/double_aeabi_rp2040.S.o
                0x100029d4                double2uint
                0x100029d4                __wrap___aeabi_d2uiz
 .text.missing_double_func_shim
                0x100029e4        0xc CMakeFiles/Fader.dir/Users/ianarchbell/Documents/Pico/pico-sdk/src/rp2_common/pico_double/double_init_rom_rp2040.c.o
 .text.__aeabi_double_init
                0x100029f0       0xd0 CMakeFiles/Fader.dir/Users/ianarchbell/Documents/Pico/pico-sdk/src/rp2_common/pico_double/double_init_rom_rp2040.c.o
                0x100029f0                __aeabi_double_init
 .text.double_table_shim_on_use_helper
                0x10002ac0       0x34 CMakeFiles/Fader.dir/Users/ianarchbell/Documents/Pico/pico-sdk/src/rp2_common/pico_double/double_v1_rom_shim_rp2040.S.o
                0x10002ac0                double_table_shim_on_use_helper
 .text.__aeabi_lmul
                0x10002af4       0x32 CMakeFiles/Fader.dir/Users/ianarchbell/Documents/Pico/pico-sdk/src/rp2_common/pico_int64_ops/pico_int64_ops_aeabi.S.o
                0x10002af4                __wrap___aeabi_lmul
 *fill*         0x10002b26        0x2 
 .text.__wrap___aeabi_farithmetic
                0x10002b28       0x48 CMakeFiles/Fader.dir/Users/ianarchbell/Documents/Pico/pico-sdk/src/rp2_common/pico_float/float_aeabi_rp2040.S.o
                0x10002b28                __wrap___aeabi_frsub
                0x10002b2e                __wrap___aeabi_fsub
                0x10002b34                __wrap___aeabi_fadd
                0x10002b3a                __wrap___aeabi_fdiv
                0x10002b62                __wrap___aeabi_fmul
 .text.__wrap___aeabi_ui2f
                0x10002b70        0xa CMakeFiles/Fader.dir/Users/ianarchbell/Documents/Pico/pico-sdk/src/rp2_common/pico_float/float_aeabi_rp2040.S.o
                0x10002b70                uint2float
                0x10002b70                __wrap___aeabi_ui2f
 *fill*         0x10002b7a        0x2 
 .text.__wrap___aeabi_i2f
                0x10002b7c       0x44 CMakeFiles/Fader.dir/Users/ianarchbell/Documents/Pico/pico-sdk/src/rp2_common/pico_float/float_aeabi_rp2040.S.o
                0x10002b7c                int2float
                0x10002b7c                __wrap___aeabi_i2f
 .text.__wrap___aeabi_f2uiz
                0x10002bc0        0xc CMakeFiles/Fader.dir/Users/ianarchbell/Documents/Pico/pico-sdk/src/rp2_common/pico_float/float_aeabi_rp2040.S.o
                0x10002bc0                float2uint_z
                0x10002bc0                __wrap___aeabi_f2uiz
 .text.missing_float_func_shim
                0x10002bcc        0xc CMakeFiles/Fader.dir/Users/ianarchbell/Documents/Pico/pico-sdk/src/rp2_common/pico_float/float_init_rom_rp2040.c.o
 .text.__aeabi_float_init
                0x10002bd8       0x88 CMakeFiles/Fader.dir/Users/ianarchbell/Documents/Pico/pico-sdk/src/rp2_common/pico_float/float_init_rom_rp2040.c.o
                0x10002bd8                __aeabi_float_init
 .text.check_alloc
                0x10002c60       0x20 CMakeFiles/Fader.dir/Users/ianarchbell/Documents/Pico/pico-sdk/src/rp2_common/pico_malloc/malloc.c.o
 .text.__wrap_malloc
                0x10002c80       0x2c CMakeFiles/Fader.dir/Users/ianarchbell/Documents/Pico/pico-sdk/src/rp2_common/pico_malloc/malloc.c.o
                0x10002c80                __wrap_malloc
 .text.__wrap_calloc
                0x10002cac       0x30 CMakeFiles/Fader.dir/Users/ianarchbell/Documents/Pico/pico-sdk/src/rp2_common/pico_malloc/malloc.c.o
                0x10002cac                __wrap_calloc
 .text.__wrap_realloc
                0x10002cdc       0x30 CMakeFiles/Fader.dir/Users/ianarchbell/Documents/Pico/pico-sdk/src/rp2_common/pico_malloc/malloc.c.o
                0x10002cdc                __wrap_realloc
 .text.__wrap_free
                0x10002d0c       0x20 CMakeFiles/Fader.dir/Users/ianarchbell/Documents/Pico/pico-sdk/src/rp2_common/pico_malloc/malloc.c.o
                0x10002d0c                __wrap_free
 .text          0x10002d2c       0x10 CMakeFiles/Fader.dir/Users/ianarchbell/Documents/Pico/pico-sdk/src/rp2_common/pico_mem_ops/mem_ops_aeabi.S.o
                0x10002d2c                __aeabi_mem_init
 .text.memset   0x10002d3c        0xc CMakeFiles/Fader.dir/Users/ianarchbell/Documents/Pico/pico-sdk/src/rp2_common/pico_mem_ops/mem_ops_aeabi.S.o
                0x10002d3c                __wrap_memset
 .text.memcpy   0x10002d48        0xc CMakeFiles/Fader.dir/Users/ianarchbell/Documents/Pico/pico-sdk/src/rp2_common/pico_mem_ops/mem_ops_aeabi.S.o
                0x10002d48                __wrap___aeabi_memcpy
                0x10002d48                __wrap_memcpy
 .text._out_buffer
                0x10002d54        0x8 CMakeFiles/Fader.dir/Users/ianarchbell/Documents/Pico/pico-sdk/src/rp2_common/pico_printf/printf.c.o
 .text._out_null
                0x10002d5c        0x2 CMakeFiles/Fader.dir/Users/ianarchbell/Documents/Pico/pico-sdk/src/rp2_common/pico_printf/printf.c.o
 .text._out_fct
                0x10002d5e        0xe CMakeFiles/Fader.dir/Users/ianarchbell/Documents/Pico/pico-sdk/src/rp2_common/pico_printf/printf.c.o
 .text._atoi    0x10002d6c       0x24 CMakeFiles/Fader.dir/Users/ianarchbell/Documents/Pico/pico-sdk/src/rp2_common/pico_printf/printf.c.o
 .text._out_rev
                0x10002d90       0xb0 CMakeFiles/Fader.dir/Users/ianarchbell/Documents/Pico/pico-sdk/src/rp2_common/pico_printf/printf.c.o
 .text._ntoa_format
                0x10002e40      0x10e CMakeFiles/Fader.dir/Users/ianarchbell/Documents/Pico/pico-sdk/src/rp2_common/pico_printf/printf.c.o
 .text._ntoa_long
                0x10002f4e       0xbc CMakeFiles/Fader.dir/Users/ianarchbell/Documents/Pico/pico-sdk/src/rp2_common/pico_printf/printf.c.o
 .text._ntoa_long_long
                0x1000300a      0x10e CMakeFiles/Fader.dir/Users/ianarchbell/Documents/Pico/pico-sdk/src/rp2_common/pico_printf/printf.c.o
 .text._etoa    0x10003118      0x424 CMakeFiles/Fader.dir/Users/ianarchbell/Documents/Pico/pico-sdk/src/rp2_common/pico_printf/printf.c.o
 .text._ftoa    0x1000353c      0x348 CMakeFiles/Fader.dir/Users/ianarchbell/Documents/Pico/pico-sdk/src/rp2_common/pico_printf/printf.c.o
 .text._vsnprintf
                0x10003884      0x6a4 CMakeFiles/Fader.dir/Users/ianarchbell/Documents/Pico/pico-sdk/src/rp2_common/pico_printf/printf.c.o
 .text.__wrap_sprintf
                0x10003f28       0x2c CMakeFiles/Fader.dir/Users/ianarchbell/Documents/Pico/pico-sdk/src/rp2_common/pico_printf/printf.c.o
                0x10003f28                __wrap_sprintf
 .text.vfctprintf
                0x10003f54       0x24 CMakeFiles/Fader.dir/Users/ianarchbell/Documents/Pico/pico-sdk/src/rp2_common/pico_printf/printf.c.o
                0x10003f54                vfctprintf
 .text._exit    0x10003f78        0x4 CMakeFiles/Fader.dir/Users/ianarchbell/Documents/Pico/pico-sdk/src/rp2_common/pico_clib_interface/newlib_interface.c.o
                0x10003f78                _exit
 .text._sbrk    0x10003f7c       0x38 CMakeFiles/Fader.dir/Users/ianarchbell/Documents/Pico/pico-sdk/src/rp2_common/pico_clib_interface/newlib_interface.c.o
                0x10003f7c                _sbrk
 .text._getpid  0x10003fb4        0x4 CMakeFiles/Fader.dir/Users/ianarchbell/Documents/Pico/pico-sdk/src/rp2_common/pico_clib_interface/newlib_interface.c.o
                0x10003fb4                _getpid
 .text._kill    0x10003fb8        0x6 CMakeFiles/Fader.dir/Users/ianarchbell/Documents/Pico/pico-sdk/src/rp2_common/pico_clib_interface/newlib_interface.c.o
                0x10003fb8                _kill
 *fill*         0x10003fbe        0x2 
 .text._read    0x10003fc0       0x24 CMakeFiles/Fader.dir/Users/ianarchbell/Documents/Pico/pico-sdk/src/rp2_common/pico_clib_interface/newlib_interface.c.o
                0x10003fc0                _read
 .text._write   0x10003fe4       0x22 CMakeFiles/Fader.dir/Users/ianarchbell/Documents/Pico/pico-sdk/src/rp2_common/pico_clib_interface/newlib_interface.c.o
                0x10003fe4                _write
 .text._close   0x10004006        0x6 CMakeFiles/Fader.dir/Users/ianarchbell/Documents/Pico/pico-sdk/src/rp2_common/pico_clib_interface/newlib_interface.c.o
                0x10004006                _close
 .text._lseek   0x1000400c        0x6 CMakeFiles/Fader.dir/Users/ianarchbell/Documents/Pico/pico-sdk/src/rp2_common/pico_clib_interface/newlib_interface.c.o
                0x1000400c                _lseek
 .text._fstat   0x10004012        0x6 CMakeFiles/Fader.dir/Users/ianarchbell/Documents/Pico/pico-sdk/src/rp2_common/pico_clib_interface/newlib_interface.c.o
                0x10004012                _fstat
 .text._isatty  0x10004018        0xc CMakeFiles/Fader.dir/Users/ianarchbell/Documents/Pico/pico-sdk/src/rp2_common/pico_clib_interface/newlib_interface.c.o
                0x10004018                _isatty
 .text.exit     0x10004024        0x6 CMakeFiles/Fader.dir/Users/ianarchbell/Documents/Pico/pico-sdk/src/rp2_common/pico_clib_interface/newlib_interface.c.o
                0x10004024                exit
 *fill*         0x1000402a        0x2 
 .text.__assert_func
                0x1000402c       0x38 CMakeFiles/Fader.dir/Users/ianarchbell/Documents/Pico/pico-sdk/src/rp2_common/pico_clib_interface/newlib_interface.c.o
                0x1000402c                __assert_func
 .text.runtime_init
                0x10004064       0x28 CMakeFiles/Fader.dir/Users/ianarchbell/Documents/Pico/pico-sdk/src/rp2_common/pico_clib_interface/newlib_interface.c.o
                0x10004064                runtime_init
 .text.stdio_out_chars_no_crlf
                0x1000408c        0xe CMakeFiles/Fader.dir/Users/ianarchbell/Documents/Pico/pico-sdk/src/rp2_common/pico_stdio/stdio.c.o
 *fill*         0x1000409a        0x2 
 .text.stdio_out_chars_crlf
                0x1000409c       0x80 CMakeFiles/Fader.dir/Users/ianarchbell/Documents/Pico/pico-sdk/src/rp2_common/pico_stdio/stdio.c.o
 .text.stdio_stack_buffer_flush
                0x1000411c       0x44 CMakeFiles/Fader.dir/Users/ianarchbell/Documents/Pico/pico-sdk/src/rp2_common/pico_stdio/stdio.c.o
 .text.stdio_buffered_printer
                0x10004160       0x20 CMakeFiles/Fader.dir/Users/ianarchbell/Documents/Pico/pico-sdk/src/rp2_common/pico_stdio/stdio.c.o
 .text.stdout_serialize_begin
                0x10004180       0x30 CMakeFiles/Fader.dir/Users/ianarchbell/Documents/Pico/pico-sdk/src/rp2_common/pico_stdio/stdio.c.o
                0x10004180                stdout_serialize_begin
 .text.stdout_serialize_end
                0x100041b0       0x10 CMakeFiles/Fader.dir/Users/ianarchbell/Documents/Pico/pico-sdk/src/rp2_common/pico_stdio/stdio.c.o
                0x100041b0                stdout_serialize_end
 .text.stdio_put_string
                0x100041c0       0x94 CMakeFiles/Fader.dir/Users/ianarchbell/Documents/Pico/pico-sdk/src/rp2_common/pico_stdio/stdio.c.o
                0x100041c0                stdio_put_string
 .text.stdio_get_until
                0x10004254       0x74 CMakeFiles/Fader.dir/Users/ianarchbell/Documents/Pico/pico-sdk/src/rp2_common/pico_stdio/stdio.c.o
                0x10004254                stdio_get_until
 .text.stdio_set_driver_enabled
                0x100042c8       0x30 CMakeFiles/Fader.dir/Users/ianarchbell/Documents/Pico/pico-sdk/src/rp2_common/pico_stdio/stdio.c.o
                0x100042c8                stdio_set_driver_enabled
 .text.stdio_flush
                0x100042f8       0x20 CMakeFiles/Fader.dir/Users/ianarchbell/Documents/Pico/pico-sdk/src/rp2_common/pico_stdio/stdio.c.o
                0x100042f8                stdio_flush
 .text.stdio_init_all
                0x10004318        0xa CMakeFiles/Fader.dir/Users/ianarchbell/Documents/Pico/pico-sdk/src/rp2_common/pico_stdio/stdio.c.o
                0x10004318                stdio_init_all
 .text.__wrap_puts
                0x10004322       0x1e CMakeFiles/Fader.dir/Users/ianarchbell/Documents/Pico/pico-sdk/src/rp2_common/pico_stdio/stdio.c.o
                0x10004322                __wrap_puts
                0x10004322                stdio_puts
 .text.__wrap_vprintf
                0x10004340       0x40 CMakeFiles/Fader.dir/Users/ianarchbell/Documents/Pico/pico-sdk/src/rp2_common/pico_stdio/stdio.c.o
                0x10004340                __wrap_vprintf
                0x10004340                stdio_vprintf
 .text.__wrap_printf
                0x10004380       0x18 CMakeFiles/Fader.dir/Users/ianarchbell/Documents/Pico/pico-sdk/src/rp2_common/pico_stdio/stdio.c.o
                0x10004380                stdio_printf
                0x10004380                __wrap_printf
 .text.uart_putc
                0x10004398       0x60 CMakeFiles/Fader.dir/Users/ianarchbell/Documents/Pico/pico-sdk/src/rp2_common/pico_stdio_uart/stdio_uart.c.o
 .text.uart_getc
                0x100043f8       0x24 CMakeFiles/Fader.dir/Users/ianarchbell/Documents/Pico/pico-sdk/src/rp2_common/pico_stdio_uart/stdio_uart.c.o
 .text.stdio_uart_out_chars
                0x1000441c       0x20 CMakeFiles/Fader.dir/Users/ianarchbell/Documents/Pico/pico-sdk/src/rp2_common/pico_stdio_uart/stdio_uart.c.o
 .text.stdio_uart_in_chars
                0x1000443c       0x5c CMakeFiles/Fader.dir/Users/ianarchbell/Documents/Pico/pico-sdk/src/rp2_common/pico_stdio_uart/stdio_uart.c.o
                0x1000443c                stdio_uart_in_chars
 .text.on_uart_rx
                0x10004498       0x28 CMakeFiles/Fader.dir/Users/ianarchbell/Documents/Pico/pico-sdk/src/rp2_common/pico_stdio_uart/stdio_uart.c.o
 .text.stdio_uart_out_flush
                0x100044c0       0x10 CMakeFiles/Fader.dir/Users/ianarchbell/Documents/Pico/pico-sdk/src/rp2_common/pico_stdio_uart/stdio_uart.c.o
 .text.stdio_uart_set_chars_available_callback
                0x100044d0       0x90 CMakeFiles/Fader.dir/Users/ianarchbell/Documents/Pico/pico-sdk/src/rp2_common/pico_stdio_uart/stdio_uart.c.o
 .text.stdio_uart_init_full
                0x10004560       0x44 CMakeFiles/Fader.dir/Users/ianarchbell/Documents/Pico/pico-sdk/src/rp2_common/pico_stdio_uart/stdio_uart.c.o
                0x10004560                stdio_uart_init_full
 .text.stdio_uart_init
                0x100045a4       0x30 CMakeFiles/Fader.dir/Users/ianarchbell/Documents/Pico/pico-sdk/src/rp2_common/pico_stdio_uart/stdio_uart.c.o
                0x100045a4                stdio_uart_init
 .text.cyw43_arch_set_async_context
                0x100045d4        0xc CMakeFiles/Fader.dir/Users/ianarchbell/Documents/Pico/pico-sdk/src/rp2_common/pico_cyw43_arch/cyw43_arch.c.o
                0x100045d4                cyw43_arch_set_async_context
 .text.cyw43_arch_gpio_put
                0x100045e0       0x14 CMakeFiles/Fader.dir/Users/ianarchbell/Documents/Pico/pico-sdk/src/rp2_common/pico_cyw43_arch/cyw43_arch.c.o
                0x100045e0                cyw43_arch_gpio_put
 .text.cyw43_arch_async_context
                0x100045f4        0xc CMakeFiles/Fader.dir/Users/ianarchbell/Documents/Pico/pico-sdk/src/rp2_common/pico_cyw43_arch/cyw43_arch.c.o
                0x100045f4                cyw43_arch_async_context
 .text.cyw43_arch_init_default_async_context
                0x10004600       0x20 CMakeFiles/Fader.dir/Users/ianarchbell/Documents/Pico/pico-sdk/src/rp2_common/pico_cyw43_arch/cyw43_arch_threadsafe_background.c.o
                0x10004600                cyw43_arch_init_default_async_context
 .text.cyw43_arch_deinit
                0x10004620       0x28 CMakeFiles/Fader.dir/Users/ianarchbell/Documents/Pico/pico-sdk/src/rp2_common/pico_cyw43_arch/cyw43_arch_threadsafe_background.c.o
                0x10004620                cyw43_arch_deinit
 .text.cyw43_arch_init
                0x10004648       0x36 CMakeFiles/Fader.dir/Users/ianarchbell/Documents/Pico/pico-sdk/src/rp2_common/pico_cyw43_arch/cyw43_arch_threadsafe_background.c.o
                0x10004648                cyw43_arch_init
 *fill*         0x1000467e        0x2 
 .text._retrieve_unique_id_on_boot
                0x10004680       0x10 CMakeFiles/Fader.dir/Users/ianarchbell/Documents/Pico/pico-sdk/src/rp2_common/pico_unique_id/unique_id.c.o
 .text.pico_get_unique_board_id
                0x10004690       0x10 CMakeFiles/Fader.dir/Users/ianarchbell/Documents/Pico/pico-sdk/src/rp2_common/pico_unique_id/unique_id.c.o
                0x10004690                pico_get_unique_board_id
 .text.flash_get_unique_id
                0x100046a0       0x40 CMakeFiles/Fader.dir/Users/ianarchbell/Documents/Pico/pico-sdk/src/rp2_common/hardware_flash/flash.c.o
                0x100046a0                flash_get_unique_id
 .text.pio_get_default_sm_config
                0x100046e0       0x28 CMakeFiles/Fader.dir/Users/ianarchbell/Documents/Pico/pico-sdk/src/rp2_common/pico_cyw43_driver/cyw43_bus_pio_spi.c.o
 .text.spi_gap01_sample0_program_get_default_config
                0x10004708       0x3c CMakeFiles/Fader.dir/Users/ianarchbell/Documents/Pico/pico-sdk/src/rp2_common/pico_cyw43_driver/cyw43_bus_pio_spi.c.o
 .text.cs_set   0x10004744       0x1c CMakeFiles/Fader.dir/Users/ianarchbell/Documents/Pico/pico-sdk/src/rp2_common/pico_cyw43_driver/cyw43_bus_pio_spi.c.o
 .text.channel_config_set_chain_to
                0x10004760       0x30 CMakeFiles/Fader.dir/Users/ianarchbell/Documents/Pico/pico-sdk/src/rp2_common/pico_cyw43_driver/cyw43_bus_pio_spi.c.o
 .text.dma_channel_get_default_config
                0x10004790       0x74 CMakeFiles/Fader.dir/Users/ianarchbell/Documents/Pico/pico-sdk/src/rp2_common/pico_cyw43_driver/cyw43_bus_pio_spi.c.o
 .text.channel_config_set_dreq
                0x10004804       0x30 CMakeFiles/Fader.dir/Users/ianarchbell/Documents/Pico/pico-sdk/src/rp2_common/pico_cyw43_driver/cyw43_bus_pio_spi.c.o
 .text.start_spi_comms
                0x10004834       0x48 CMakeFiles/Fader.dir/Users/ianarchbell/Documents/Pico/pico-sdk/src/rp2_common/pico_cyw43_driver/cyw43_bus_pio_spi.c.o
 .text.ns_delay
                0x1000487c       0x20 CMakeFiles/Fader.dir/Users/ianarchbell/Documents/Pico/pico-sdk/src/rp2_common/pico_cyw43_driver/cyw43_bus_pio_spi.c.o
 .text.stop_spi_comms
                0x1000489c       0x10 CMakeFiles/Fader.dir/Users/ianarchbell/Documents/Pico/pico-sdk/src/rp2_common/pico_cyw43_driver/cyw43_bus_pio_spi.c.o
 .text.cyw43_spi_deinit
                0x100048ac       0x64 CMakeFiles/Fader.dir/Users/ianarchbell/Documents/Pico/pico-sdk/src/rp2_common/pico_cyw43_driver/cyw43_bus_pio_spi.c.o
                0x100048ac                cyw43_spi_deinit
 .text.cyw43_spi_init
                0x10004910      0x214 CMakeFiles/Fader.dir/Users/ianarchbell/Documents/Pico/pico-sdk/src/rp2_common/pico_cyw43_driver/cyw43_bus_pio_spi.c.o
                0x10004910                cyw43_spi_init
 .text.cyw43_spi_transfer
                0x10004b24      0x51c CMakeFiles/Fader.dir/Users/ianarchbell/Documents/Pico/pico-sdk/src/rp2_common/pico_cyw43_driver/cyw43_bus_pio_spi.c.o
                0x10004b24                cyw43_spi_transfer
 .text._cyw43_read_reg
                0x10005040       0x50 CMakeFiles/Fader.dir/Users/ianarchbell/Documents/Pico/pico-sdk/src/rp2_common/pico_cyw43_driver/cyw43_bus_pio_spi.c.o
 .text._cyw43_write_reg
                0x10005090       0x58 CMakeFiles/Fader.dir/Users/ianarchbell/Documents/Pico/pico-sdk/src/rp2_common/pico_cyw43_driver/cyw43_bus_pio_spi.c.o
 .text.cyw43_spi_gpio_setup
                0x100050e8       0x3a CMakeFiles/Fader.dir/Users/ianarchbell/Documents/Pico/pico-sdk/src/rp2_common/pico_cyw43_driver/cyw43_bus_pio_spi.c.o
                0x100050e8                cyw43_spi_gpio_setup
 .text.cyw43_spi_reset
                0x10005122       0x28 CMakeFiles/Fader.dir/Users/ianarchbell/Documents/Pico/pico-sdk/src/rp2_common/pico_cyw43_driver/cyw43_bus_pio_spi.c.o
                0x10005122                cyw43_spi_reset
 *fill*         0x1000514a        0x2 
 .text.read_reg_u32_swap
                0x1000514c       0x68 CMakeFiles/Fader.dir/Users/ianarchbell/Documents/Pico/pico-sdk/src/rp2_common/pico_cyw43_driver/cyw43_bus_pio_spi.c.o
                0x1000514c                read_reg_u32_swap
 .text.cyw43_read_reg_u32
                0x100051b4        0xa CMakeFiles/Fader.dir/Users/ianarchbell/Documents/Pico/pico-sdk/src/rp2_common/pico_cyw43_driver/cyw43_bus_pio_spi.c.o
                0x100051b4                cyw43_read_reg_u32
 .text.cyw43_read_reg_u16
                0x100051be        0xa CMakeFiles/Fader.dir/Users/ianarchbell/Documents/Pico/pico-sdk/src/rp2_common/pico_cyw43_driver/cyw43_bus_pio_spi.c.o
                0x100051be                cyw43_read_reg_u16
 .text.cyw43_read_reg_u8
                0x100051c8        0xa CMakeFiles/Fader.dir/Users/ianarchbell/Documents/Pico/pico-sdk/src/rp2_common/pico_cyw43_driver/cyw43_bus_pio_spi.c.o
                0x100051c8                cyw43_read_reg_u8
 *fill*         0x100051d2        0x2 
 .text.write_reg_u32_swap
                0x100051d4       0x34 CMakeFiles/Fader.dir/Users/ianarchbell/Documents/Pico/pico-sdk/src/rp2_common/pico_cyw43_driver/cyw43_bus_pio_spi.c.o
                0x100051d4                write_reg_u32_swap
 .text.cyw43_write_reg_u32
                0x10005208       0x10 CMakeFiles/Fader.dir/Users/ianarchbell/Documents/Pico/pico-sdk/src/rp2_common/pico_cyw43_driver/cyw43_bus_pio_spi.c.o
                0x10005208                cyw43_write_reg_u32
 .text.cyw43_write_reg_u16
                0x10005218       0x10 CMakeFiles/Fader.dir/Users/ianarchbell/Documents/Pico/pico-sdk/src/rp2_common/pico_cyw43_driver/cyw43_bus_pio_spi.c.o
                0x10005218                cyw43_write_reg_u16
 .text.cyw43_write_reg_u8
                0x10005228       0x10 CMakeFiles/Fader.dir/Users/ianarchbell/Documents/Pico/pico-sdk/src/rp2_common/pico_cyw43_driver/cyw43_bus_pio_spi.c.o
                0x10005228                cyw43_write_reg_u8
 .text.cyw43_read_bytes
                0x10005238       0xfc CMakeFiles/Fader.dir/Users/ianarchbell/Documents/Pico/pico-sdk/src/rp2_common/pico_cyw43_driver/cyw43_bus_pio_spi.c.o
                0x10005238                cyw43_read_bytes
 .text.cyw43_write_bytes
                0x10005334      0x124 CMakeFiles/Fader.dir/Users/ianarchbell/Documents/Pico/pico-sdk/src/rp2_common/pico_cyw43_driver/cyw43_bus_pio_spi.c.o
                0x10005334                cyw43_write_bytes
 .text.get_core_address
                0x10005458       0x1c CMakeFiles/Fader.dir/Users/ianarchbell/Documents/Pico/pico-sdk/lib/cyw43-driver/src/cyw43_ll.c.o
 .text.sdpcm_process_rx_packet
                0x10005474      0x184 CMakeFiles/Fader.dir/Users/ianarchbell/Documents/Pico/pico-sdk/lib/cyw43-driver/src/cyw43_ll.c.o
 .text.cyw43_ll_wifi_parse_scan_result
                0x100055f8       0x9c CMakeFiles/Fader.dir/Users/ianarchbell/Documents/Pico/pico-sdk/lib/cyw43-driver/src/cyw43_ll.c.o
 .text.cyw43_ll_parse_async_event
                0x10005694       0x8a CMakeFiles/Fader.dir/Users/ianarchbell/Documents/Pico/pico-sdk/lib/cyw43-driver/src/cyw43_ll.c.o
 *fill*         0x1000571e        0x2 
 .text.cyw43_kso_set
                0x10005720       0x98 CMakeFiles/Fader.dir/Users/ianarchbell/Documents/Pico/pico-sdk/lib/cyw43-driver/src/cyw43_ll.c.o
 .text.cyw43_ll_bus_sleep_helper
                0x100057b8        0xe CMakeFiles/Fader.dir/Users/ianarchbell/Documents/Pico/pico-sdk/lib/cyw43-driver/src/cyw43_ll.c.o
 *fill*         0x100057c6        0x2 
 .text.cyw43_read_reg
                0x100057c8       0x48 CMakeFiles/Fader.dir/Users/ianarchbell/Documents/Pico/pico-sdk/lib/cyw43-driver/src/cyw43_ll.c.o
 .text.cyw43_write_reg
                0x10005810       0x4c CMakeFiles/Fader.dir/Users/ianarchbell/Documents/Pico/pico-sdk/lib/cyw43-driver/src/cyw43_ll.c.o
 .text.cyw43_set_backplane_window
                0x1000585c       0x78 CMakeFiles/Fader.dir/Users/ianarchbell/Documents/Pico/pico-sdk/lib/cyw43-driver/src/cyw43_ll.c.o
 .text.cyw43_read_backplane
                0x100058d4       0x30 CMakeFiles/Fader.dir/Users/ianarchbell/Documents/Pico/pico-sdk/lib/cyw43-driver/src/cyw43_ll.c.o
 .text.disable_device_core
                0x10005904       0x3c CMakeFiles/Fader.dir/Users/ianarchbell/Documents/Pico/pico-sdk/lib/cyw43-driver/src/cyw43_ll.c.o
 .text.device_core_is_up
                0x10005940       0x4c CMakeFiles/Fader.dir/Users/ianarchbell/Documents/Pico/pico-sdk/lib/cyw43-driver/src/cyw43_ll.c.o
 .text.cyw43_download_resource
                0x1000598c       0xac CMakeFiles/Fader.dir/Users/ianarchbell/Documents/Pico/pico-sdk/lib/cyw43-driver/src/cyw43_ll.c.o
 .text.cyw43_write_backplane
                0x10005a38       0x34 CMakeFiles/Fader.dir/Users/ianarchbell/Documents/Pico/pico-sdk/lib/cyw43-driver/src/cyw43_ll.c.o
 .text.reset_device_core
                0x10005a6c       0x74 CMakeFiles/Fader.dir/Users/ianarchbell/Documents/Pico/pico-sdk/lib/cyw43-driver/src/cyw43_ll.c.o
 .text.cyw43_check_valid_chipset_firmware
                0x10005ae0       0x7c CMakeFiles/Fader.dir/Users/ianarchbell/Documents/Pico/pico-sdk/lib/cyw43-driver/src/cyw43_ll.c.o
 .text.cyw43_ll_init
                0x10005b5c       0x20 CMakeFiles/Fader.dir/Users/ianarchbell/Documents/Pico/pico-sdk/lib/cyw43-driver/src/cyw43_ll.c.o
                0x10005b5c                cyw43_ll_init
 .text.cyw43_ll_deinit
                0x10005b7c        0x8 CMakeFiles/Fader.dir/Users/ianarchbell/Documents/Pico/pico-sdk/lib/cyw43-driver/src/cyw43_ll.c.o
                0x10005b7c                cyw43_ll_deinit
 .text.cyw43_ll_bus_sleep
                0x10005b84       0x34 CMakeFiles/Fader.dir/Users/ianarchbell/Documents/Pico/pico-sdk/lib/cyw43-driver/src/cyw43_ll.c.o
                0x10005b84                cyw43_ll_bus_sleep
 .text.cyw43_ll_sdpcm_poll_device
                0x10005bb8      0x158 CMakeFiles/Fader.dir/Users/ianarchbell/Documents/Pico/pico-sdk/lib/cyw43-driver/src/cyw43_ll.c.o
 .text.cyw43_ll_process_packets
                0x10005d10       0x5c CMakeFiles/Fader.dir/Users/ianarchbell/Documents/Pico/pico-sdk/lib/cyw43-driver/src/cyw43_ll.c.o
                0x10005d10                cyw43_ll_process_packets
 .text.cyw43_sdpcm_send_common
                0x10005d6c      0x114 CMakeFiles/Fader.dir/Users/ianarchbell/Documents/Pico/pico-sdk/lib/cyw43-driver/src/cyw43_ll.c.o
 .text.cyw43_send_ioctl
                0x10005e80       0x56 CMakeFiles/Fader.dir/Users/ianarchbell/Documents/Pico/pico-sdk/lib/cyw43-driver/src/cyw43_ll.c.o
 *fill*         0x10005ed6        0x2 
 .text.cyw43_do_ioctl
                0x10005ed8       0xc4 CMakeFiles/Fader.dir/Users/ianarchbell/Documents/Pico/pico-sdk/lib/cyw43-driver/src/cyw43_ll.c.o
 .text.cyw43_ll_ioctl
                0x10005f9c       0x1e CMakeFiles/Fader.dir/Users/ianarchbell/Documents/Pico/pico-sdk/lib/cyw43-driver/src/cyw43_ll.c.o
                0x10005f9c                cyw43_ll_ioctl
 *fill*         0x10005fba        0x2 
 .text.cyw43_clm_load
                0x10005fbc       0xdc CMakeFiles/Fader.dir/Users/ianarchbell/Documents/Pico/pico-sdk/lib/cyw43-driver/src/cyw43_ll.c.o
 .text.cyw43_write_iovar_u32
                0x10006098       0x60 CMakeFiles/Fader.dir/Users/ianarchbell/Documents/Pico/pico-sdk/lib/cyw43-driver/src/cyw43_ll.c.o
 .text.cyw43_write_iovar_n
                0x100060f8       0x50 CMakeFiles/Fader.dir/Users/ianarchbell/Documents/Pico/pico-sdk/lib/cyw43-driver/src/cyw43_ll.c.o
 .text.cyw43_set_ioctl_u32
                0x10006148       0x30 CMakeFiles/Fader.dir/Users/ianarchbell/Documents/Pico/pico-sdk/lib/cyw43-driver/src/cyw43_ll.c.o
 .text.cyw43_write_iovar_u32_u32
                0x10006178       0x74 CMakeFiles/Fader.dir/Users/ianarchbell/Documents/Pico/pico-sdk/lib/cyw43-driver/src/cyw43_ll.c.o
 .text.cyw43_ll_wifi_get_mac
                0x100061ec       0x44 CMakeFiles/Fader.dir/Users/ianarchbell/Documents/Pico/pico-sdk/lib/cyw43-driver/src/cyw43_ll.c.o
                0x100061ec                cyw43_ll_wifi_get_mac
 .text.cyw43_ll_bus_init
                0x10006230      0x370 CMakeFiles/Fader.dir/Users/ianarchbell/Documents/Pico/pico-sdk/lib/cyw43-driver/src/cyw43_ll.c.o
                0x10006230                cyw43_ll_bus_init
 .text.cyw43_ll_wifi_set_wpa_auth
                0x100065a0        0xe CMakeFiles/Fader.dir/Users/ianarchbell/Documents/Pico/pico-sdk/lib/cyw43-driver/src/cyw43_ll.c.o
                0x100065a0                cyw43_ll_wifi_set_wpa_auth
 *fill*         0x100065ae        0x2 
 .text.cyw43_ll_wifi_rejoin
                0x100065b0       0x20 CMakeFiles/Fader.dir/Users/ianarchbell/Documents/Pico/pico-sdk/lib/cyw43-driver/src/cyw43_ll.c.o
                0x100065b0                cyw43_ll_wifi_rejoin
 .text.cyw43_ll_gpio_set
                0x100065d0       0x30 CMakeFiles/Fader.dir/Users/ianarchbell/Documents/Pico/pico-sdk/lib/cyw43-driver/src/cyw43_ll.c.o
                0x100065d0                cyw43_ll_gpio_set
 .text.cyw43_ll_has_work
                0x10006600       0x12 CMakeFiles/Fader.dir/Users/ianarchbell/Documents/Pico/pico-sdk/lib/cyw43-driver/src/cyw43_ll.c.o
                0x10006600                cyw43_ll_has_work
 *fill*         0x10006612        0x2 
 .text.cyw43_poll_func
                0x10006614       0xac CMakeFiles/Fader.dir/Users/ianarchbell/Documents/Pico/pico-sdk/lib/cyw43-driver/src/cyw43_ctrl.c.o
 .text.cyw43_hal_ticks_ms
                0x100066c0       0x20 CMakeFiles/Fader.dir/Users/ianarchbell/Documents/Pico/pico-sdk/lib/cyw43-driver/src/cyw43_ctrl.c.o
 .text.cyw43_dump_async_event
                0x100066e0       0x58 CMakeFiles/Fader.dir/Users/ianarchbell/Documents/Pico/pico-sdk/lib/cyw43-driver/src/cyw43_ctrl.c.o
 .text.cyw43_ensure_up
                0x10006738       0xec CMakeFiles/Fader.dir/Users/ianarchbell/Documents/Pico/pico-sdk/lib/cyw43-driver/src/cyw43_ctrl.c.o
 .text.cyw43_init
                0x10006824       0x8c CMakeFiles/Fader.dir/Users/ianarchbell/Documents/Pico/pico-sdk/lib/cyw43-driver/src/cyw43_ctrl.c.o
                0x10006824                cyw43_init
 .text.cyw43_deinit
                0x100068b0       0x3c CMakeFiles/Fader.dir/Users/ianarchbell/Documents/Pico/pico-sdk/lib/cyw43-driver/src/cyw43_ctrl.c.o
                0x100068b0                cyw43_deinit
 .text.cyw43_cb_read_host_interrupt_pin
                0x100068ec        0xc CMakeFiles/Fader.dir/Users/ianarchbell/Documents/Pico/pico-sdk/lib/cyw43-driver/src/cyw43_ctrl.c.o
                0x100068ec                cyw43_cb_read_host_interrupt_pin
 .text.cyw43_cb_ensure_awake
                0x100068f8        0xc CMakeFiles/Fader.dir/Users/ianarchbell/Documents/Pico/pico-sdk/lib/cyw43-driver/src/cyw43_ctrl.c.o
                0x100068f8                cyw43_cb_ensure_awake
 .text.cyw43_cb_process_async_event
                0x10006904      0x1ac CMakeFiles/Fader.dir/Users/ianarchbell/Documents/Pico/pico-sdk/lib/cyw43-driver/src/cyw43_ctrl.c.o
                0x10006904                cyw43_cb_process_async_event
 .text.cyw43_gpio_set
                0x10006ab0       0x30 CMakeFiles/Fader.dir/Users/ianarchbell/Documents/Pico/pico-sdk/lib/cyw43-driver/src/cyw43_ctrl.c.o
                0x10006ab0                cyw43_gpio_set
 .text.is_gpio_compatible
                0x10006ae0        0x4 CMakeFiles/Fader.dir/Users/ianarchbell/Documents/Pico/pico-sdk/src/rp2_common/hardware_pio/pio.c.o
 .text.is_program_gpio_compatible
                0x10006ae4        0x4 CMakeFiles/Fader.dir/Users/ianarchbell/Documents/Pico/pico-sdk/src/rp2_common/hardware_pio/pio.c.o
 .text.add_program_at_offset_check
                0x10006ae8       0x64 CMakeFiles/Fader.dir/Users/ianarchbell/Documents/Pico/pico-sdk/src/rp2_common/hardware_pio/pio.c.o
 .text.add_program_at_offset
                0x10006b4c       0x60 CMakeFiles/Fader.dir/Users/ianarchbell/Documents/Pico/pico-sdk/src/rp2_common/hardware_pio/pio.c.o
 .text.find_offset_for_program
                0x10006bac       0x7c CMakeFiles/Fader.dir/Users/ianarchbell/Documents/Pico/pico-sdk/src/rp2_common/hardware_pio/pio.c.o
 .text.pio_sm_unclaim
                0x10006c28       0x20 CMakeFiles/Fader.dir/Users/ianarchbell/Documents/Pico/pico-sdk/src/rp2_common/hardware_pio/pio.c.o
                0x10006c28                pio_sm_unclaim
 .text.pio_claim_unused_sm
                0x10006c48       0x38 CMakeFiles/Fader.dir/Users/ianarchbell/Documents/Pico/pico-sdk/src/rp2_common/hardware_pio/pio.c.o
                0x10006c48                pio_claim_unused_sm
 .text.pio_remove_program
                0x10006c80       0x54 CMakeFiles/Fader.dir/Users/ianarchbell/Documents/Pico/pico-sdk/src/rp2_common/hardware_pio/pio.c.o
                0x10006c80                pio_remove_program
 .text.pio_sm_set_pindirs_with_mask
                0x10006cd4       0xa0 CMakeFiles/Fader.dir/Users/ianarchbell/Documents/Pico/pico-sdk/src/rp2_common/hardware_pio/pio.c.o
                0x10006cd4                pio_sm_set_pindirs_with_mask
 .text.pio_sm_set_pindirs_with_mask64
                0x10006d74        0xa CMakeFiles/Fader.dir/Users/ianarchbell/Documents/Pico/pico-sdk/src/rp2_common/hardware_pio/pio.c.o
                0x10006d74                pio_sm_set_pindirs_with_mask64
 *fill*         0x10006d7e        0x2 
 .text.pio_sm_set_consecutive_pindirs
                0x10006d80       0xb4 CMakeFiles/Fader.dir/Users/ianarchbell/Documents/Pico/pico-sdk/src/rp2_common/hardware_pio/pio.c.o
                0x10006d80                pio_sm_set_consecutive_pindirs
 .text.pio_claim_free_sm_and_add_program_for_gpio_range
                0x10006e34       0xf8 CMakeFiles/Fader.dir/Users/ianarchbell/Documents/Pico/pico-sdk/src/rp2_common/hardware_pio/pio.c.o
                0x10006e34                pio_claim_free_sm_and_add_program_for_gpio_range
 .text.pio_remove_program_and_unclaim_sm
                0x10006f2c       0x1a CMakeFiles/Fader.dir/Users/ianarchbell/Documents/Pico/pico-sdk/src/rp2_common/hardware_pio/pio.c.o
                0x10006f2c                pio_remove_program_and_unclaim_sm
 *fill*         0x10006f46        0x2 
 .text.dma_channel_unclaim
                0x10006f48       0x14 CMakeFiles/Fader.dir/Users/ianarchbell/Documents/Pico/pico-sdk/src/rp2_common/hardware_dma/dma.c.o
                0x10006f48                dma_channel_unclaim
 .text.dma_claim_unused_channel
                0x10006f5c       0x24 CMakeFiles/Fader.dir/Users/ianarchbell/Documents/Pico/pico-sdk/src/rp2_common/hardware_dma/dma.c.o
                0x10006f5c                dma_claim_unused_channel
 .text.dma_channel_cleanup
                0x10006f80       0x6c CMakeFiles/Fader.dir/Users/ianarchbell/Documents/Pico/pico-sdk/src/rp2_common/hardware_dma/dma.c.o
                0x10006f80                dma_channel_cleanup
 .text.exception_is_compile_time_default
                0x10006fec       0x20 CMakeFiles/Fader.dir/Users/ianarchbell/Documents/Pico/pico-sdk/src/rp2_common/hardware_exception/exception.c.o
 .text.set_raw_exception_handler_and_restore_interrupts
                0x1000700c       0x18 CMakeFiles/Fader.dir/Users/ianarchbell/Documents/Pico/pico-sdk/src/rp2_common/hardware_exception/exception.c.o
 .text.exception_get_vtable_handler
                0x10007024       0x10 CMakeFiles/Fader.dir/Users/ianarchbell/Documents/Pico/pico-sdk/src/rp2_common/hardware_exception/exception.c.o
                0x10007024                exception_get_vtable_handler
 .text.exception_set_exclusive_handler
                0x10007034       0x44 CMakeFiles/Fader.dir/Users/ianarchbell/Documents/Pico/pico-sdk/src/rp2_common/hardware_exception/exception.c.o
                0x10007034                exception_set_exclusive_handler
 .text.cyw43_sleep_timeout_reached
                0x10007078       0x50 CMakeFiles/Fader.dir/Users/ianarchbell/Documents/Pico/pico-sdk/src/rp2_common/pico_cyw43_driver/cyw43_driver.c.o
 .text.async_context_add_at_time_worker_in_ms
                0x100070c8       0x4c CMakeFiles/Fader.dir/Users/ianarchbell/Documents/Pico/pico-sdk/src/rp2_common/pico_cyw43_driver/cyw43_driver.c.o
 .text.cyw43_do_poll
                0x10007114       0x74 CMakeFiles/Fader.dir/Users/ianarchbell/Documents/Pico/pico-sdk/src/rp2_common/pico_cyw43_driver/cyw43_driver.c.o
 .text.cyw43_set_irq_enabled
                0x10007188        0xe CMakeFiles/Fader.dir/Users/ianarchbell/Documents/Pico/pico-sdk/src/rp2_common/pico_cyw43_driver/cyw43_driver.c.o
 *fill*         0x10007196        0x2 
 .text.cyw43_irq_init
                0x10007198       0x50 CMakeFiles/Fader.dir/Users/ianarchbell/Documents/Pico/pico-sdk/src/rp2_common/pico_cyw43_driver/cyw43_driver.c.o
                0x10007198                cyw43_irq_init
 .text.cyw43_gpio_irq_handler
                0x100071e8       0x40 CMakeFiles/Fader.dir/Users/ianarchbell/Documents/Pico/pico-sdk/src/rp2_common/pico_cyw43_driver/cyw43_driver.c.o
 .text.cyw43_irq_deinit
                0x10007228       0x48 CMakeFiles/Fader.dir/Users/ianarchbell/Documents/Pico/pico-sdk/src/rp2_common/pico_cyw43_driver/cyw43_driver.c.o
                0x10007228                cyw43_irq_deinit
 .text.no_lwip_fail
                0x10007270        0xc CMakeFiles/Fader.dir/Users/ianarchbell/Documents/Pico/pico-sdk/src/rp2_common/pico_cyw43_driver/cyw43_driver.c.o
 .text.cyw43_post_poll_hook
                0x1000727c       0x38 CMakeFiles/Fader.dir/Users/ianarchbell/Documents/Pico/pico-sdk/src/rp2_common/pico_cyw43_driver/cyw43_driver.c.o
                0x1000727c                cyw43_post_poll_hook
 .text.cyw43_schedule_internal_poll_dispatch
                0x100072b4       0x3c CMakeFiles/Fader.dir/Users/ianarchbell/Documents/Pico/pico-sdk/src/rp2_common/pico_cyw43_driver/cyw43_driver.c.o
                0x100072b4                cyw43_schedule_internal_poll_dispatch
 .text.cyw43_driver_init
                0x100072f0       0x38 CMakeFiles/Fader.dir/Users/ianarchbell/Documents/Pico/pico-sdk/src/rp2_common/pico_cyw43_driver/cyw43_driver.c.o
                0x100072f0                cyw43_driver_init
 .text.cyw43_driver_deinit
                0x10007328       0x64 CMakeFiles/Fader.dir/Users/ianarchbell/Documents/Pico/pico-sdk/src/rp2_common/pico_cyw43_driver/cyw43_driver.c.o
                0x10007328                cyw43_driver_deinit
 .text.cyw43_hal_generate_laa_mac
                0x1000738c       0x34 CMakeFiles/Fader.dir/Users/ianarchbell/Documents/Pico/pico-sdk/src/rp2_common/pico_cyw43_driver/cyw43_driver.c.o
                0x1000738c                cyw43_hal_generate_laa_mac
 .text.cyw43_thread_enter
                0x100073c0       0x14 CMakeFiles/Fader.dir/Users/ianarchbell/Documents/Pico/pico-sdk/src/rp2_common/pico_cyw43_driver/cyw43_driver.c.o
                0x100073c0                cyw43_thread_enter
 .text.cyw43_thread_exit
                0x100073d4       0x14 CMakeFiles/Fader.dir/Users/ianarchbell/Documents/Pico/pico-sdk/src/rp2_common/pico_cyw43_driver/cyw43_driver.c.o
                0x100073d4                cyw43_thread_exit
 .text.cyw43_thread_lock_check
                0x100073e8       0x14 CMakeFiles/Fader.dir/Users/ianarchbell/Documents/Pico/pico-sdk/src/rp2_common/pico_cyw43_driver/cyw43_driver.c.o
                0x100073e8                cyw43_thread_lock_check
 .text.cyw43_await_background_or_timeout_us
                0x100073fc       0x68 CMakeFiles/Fader.dir/Users/ianarchbell/Documents/Pico/pico-sdk/src/rp2_common/pico_cyw43_driver/cyw43_driver.c.o
                0x100073fc                cyw43_await_background_or_timeout_us
 .text.cyw43_delay_ms
                0x10007464       0x44 CMakeFiles/Fader.dir/Users/ianarchbell/Documents/Pico/pico-sdk/src/rp2_common/pico_cyw43_driver/cyw43_driver.c.o
                0x10007464                cyw43_delay_ms
 .text.cyw43_cb_tcpip_deinit
                0x100074a8        0x2 CMakeFiles/Fader.dir/Users/ianarchbell/Documents/Pico/pico-sdk/src/rp2_common/pico_cyw43_driver/cyw43_driver.c.o
                0x100074a8                cyw43_cb_tcpip_deinit
 .text.cyw43_cb_tcpip_set_link_up
                0x100074aa        0x6 CMakeFiles/Fader.dir/Users/ianarchbell/Documents/Pico/pico-sdk/src/rp2_common/pico_cyw43_driver/cyw43_driver.c.o
                0x100074aa                cyw43_cb_tcpip_set_link_up
 .text.cyw43_cb_tcpip_set_link_down
                0x100074b0        0x6 CMakeFiles/Fader.dir/Users/ianarchbell/Documents/Pico/pico-sdk/src/rp2_common/pico_cyw43_driver/cyw43_driver.c.o
                0x100074b0                cyw43_cb_tcpip_set_link_down
 .text.cyw43_cb_process_ethernet
                0x100074b6        0x6 CMakeFiles/Fader.dir/Users/ianarchbell/Documents/Pico/pico-sdk/src/rp2_common/pico_cyw43_driver/cyw43_driver.c.o
                0x100074b6                cyw43_cb_process_ethernet
 .text.handle_sync_func_call
                0x100074bc       0x22 CMakeFiles/Fader.dir/Users/ianarchbell/Documents/Pico/pico-sdk/src/rp2_common/pico_async_context/async_context_threadsafe_background.c.o
 .text.async_context_threadsafe_background_acquire_lock_blocking
                0x100074de        0xa CMakeFiles/Fader.dir/Users/ianarchbell/Documents/Pico/pico-sdk/src/rp2_common/pico_async_context/async_context_threadsafe_background.c.o
 .text.async_context_threadsafe_background_lock_check
                0x100074e8       0x24 CMakeFiles/Fader.dir/Users/ianarchbell/Documents/Pico/pico-sdk/src/rp2_common/pico_async_context/async_context_threadsafe_background.c.o
 .text.process_under_lock
                0x1000750c       0xdc CMakeFiles/Fader.dir/Users/ianarchbell/Documents/Pico/pico-sdk/src/rp2_common/pico_async_context/async_context_threadsafe_background.c.o
 .text.async_context_threadsafe_background_wake_up
                0x100075e8       0x4c CMakeFiles/Fader.dir/Users/ianarchbell/Documents/Pico/pico-sdk/src/rp2_common/pico_async_context/async_context_threadsafe_background.c.o
 .text.lock_release
                0x10007634       0x42 CMakeFiles/Fader.dir/Users/ianarchbell/Documents/Pico/pico-sdk/src/rp2_common/pico_async_context/async_context_threadsafe_background.c.o
 *fill*         0x10007676        0x2 
 .text.async_context_threadsafe_background_execute_sync
                0x10007678       0x88 CMakeFiles/Fader.dir/Users/ianarchbell/Documents/Pico/pico-sdk/src/rp2_common/pico_async_context/async_context_threadsafe_background.c.o
                0x10007678                async_context_threadsafe_background_execute_sync
 .text.async_context_threadsafe_background_release_lock
                0x10007700        0x8 CMakeFiles/Fader.dir/Users/ianarchbell/Documents/Pico/pico-sdk/src/rp2_common/pico_async_context/async_context_threadsafe_background.c.o
 .text.alarm_handler
                0x10007708       0x16 CMakeFiles/Fader.dir/Users/ianarchbell/Documents/Pico/pico-sdk/src/rp2_common/pico_async_context/async_context_threadsafe_background.c.o
 .text.async_context_threadsafe_background_set_work_pending
                0x1000771e        0xc CMakeFiles/Fader.dir/Users/ianarchbell/Documents/Pico/pico-sdk/src/rp2_common/pico_async_context/async_context_threadsafe_background.c.o
 *fill*         0x1000772a        0x2 
 .text.low_prio_irq_deinit
                0x1000772c       0x50 CMakeFiles/Fader.dir/Users/ianarchbell/Documents/Pico/pico-sdk/src/rp2_common/pico_async_context/async_context_threadsafe_background.c.o
 .text.async_context_threadsafe_background_deinit
                0x1000777c       0x68 CMakeFiles/Fader.dir/Users/ianarchbell/Documents/Pico/pico-sdk/src/rp2_common/pico_async_context/async_context_threadsafe_background.c.o
 .text.low_priority_irq_handler
                0x100077e4       0x78 CMakeFiles/Fader.dir/Users/ianarchbell/Documents/Pico/pico-sdk/src/rp2_common/pico_async_context/async_context_threadsafe_background.c.o
 .text.async_context_threadsafe_background_wait_for_work_until
                0x1000785c        0xa CMakeFiles/Fader.dir/Users/ianarchbell/Documents/Pico/pico-sdk/src/rp2_common/pico_async_context/async_context_threadsafe_background.c.o
 .text.async_context_threadsafe_background_wait_until
                0x10007866       0x1a CMakeFiles/Fader.dir/Users/ianarchbell/Documents/Pico/pico-sdk/src/rp2_common/pico_async_context/async_context_threadsafe_background.c.o
 .text.async_context_threadsafe_background_when_pending_worker
                0x10007880       0x20 CMakeFiles/Fader.dir/Users/ianarchbell/Documents/Pico/pico-sdk/src/rp2_common/pico_async_context/async_context_threadsafe_background.c.o
 .text.async_context_threadsafe_background_add_when_pending_worker
                0x100078a0       0x20 CMakeFiles/Fader.dir/Users/ianarchbell/Documents/Pico/pico-sdk/src/rp2_common/pico_async_context/async_context_threadsafe_background.c.o
 .text.async_context_threadsafe_background_remove_at_time_worker
                0x100078c0       0x20 CMakeFiles/Fader.dir/Users/ianarchbell/Documents/Pico/pico-sdk/src/rp2_common/pico_async_context/async_context_threadsafe_background.c.o
 .text.async_context_threadsafe_background_add_at_time_worker
                0x100078e0       0x20 CMakeFiles/Fader.dir/Users/ianarchbell/Documents/Pico/pico-sdk/src/rp2_common/pico_async_context/async_context_threadsafe_background.c.o
 .text.alarm_pool_create_with_unused_hardware_alarm
                0x10007900       0x10 CMakeFiles/Fader.dir/Users/ianarchbell/Documents/Pico/pico-sdk/src/rp2_common/pico_async_context/async_context_threadsafe_background.c.o
 .text.low_prio_irq_init
                0x10007910       0x84 CMakeFiles/Fader.dir/Users/ianarchbell/Documents/Pico/pico-sdk/src/rp2_common/pico_async_context/async_context_threadsafe_background.c.o
 .text.async_context_threadsafe_background_default_config
                0x10007994        0xa CMakeFiles/Fader.dir/Users/ianarchbell/Documents/Pico/pico-sdk/src/rp2_common/pico_async_context/async_context_threadsafe_background.c.o
                0x10007994                async_context_threadsafe_background_default_config
 *fill*         0x1000799e        0x2 
 .text.async_context_threadsafe_background_init
                0x100079a0       0x8c CMakeFiles/Fader.dir/Users/ianarchbell/Documents/Pico/pico-sdk/src/rp2_common/pico_async_context/async_context_threadsafe_background.c.o
                0x100079a0                async_context_threadsafe_background_init
 .text.async_context_base_add_at_time_worker
                0x10007a2c       0x22 CMakeFiles/Fader.dir/Users/ianarchbell/Documents/Pico/pico-sdk/src/rp2_common/pico_async_context/async_context_base.c.o
                0x10007a2c                async_context_base_add_at_time_worker
 .text.async_context_base_remove_at_time_worker
                0x10007a4e       0x22 CMakeFiles/Fader.dir/Users/ianarchbell/Documents/Pico/pico-sdk/src/rp2_common/pico_async_context/async_context_base.c.o
                0x10007a4e                async_context_base_remove_at_time_worker
 .text.async_context_base_add_when_pending_worker
                0x10007a70       0x20 CMakeFiles/Fader.dir/Users/ianarchbell/Documents/Pico/pico-sdk/src/rp2_common/pico_async_context/async_context_base.c.o
                0x10007a70                async_context_base_add_when_pending_worker
 .text.async_context_base_remove_when_pending_worker
                0x10007a90       0x20 CMakeFiles/Fader.dir/Users/ianarchbell/Documents/Pico/pico-sdk/src/rp2_common/pico_async_context/async_context_base.c.o
                0x10007a90                async_context_base_remove_when_pending_worker
 .text.async_context_base_remove_ready_at_time_worker
                0x10007ab0       0x7c CMakeFiles/Fader.dir/Users/ianarchbell/Documents/Pico/pico-sdk/src/rp2_common/pico_async_context/async_context_base.c.o
                0x10007ab0                async_context_base_remove_ready_at_time_worker
 .text.async_context_base_refresh_next_timeout
                0x10007b2c       0x48 CMakeFiles/Fader.dir/Users/ianarchbell/Documents/Pico/pico-sdk/src/rp2_common/pico_async_context/async_context_base.c.o
                0x10007b2c                async_context_base_refresh_next_timeout
 .text.async_context_base_execute_once
                0x10007b74       0x40 CMakeFiles/Fader.dir/Users/ianarchbell/Documents/Pico/pico-sdk/src/rp2_common/pico_async_context/async_context_base.c.o
                0x10007b74                async_context_base_execute_once
 .text.async_context_base_needs_servicing
                0x10007bb4       0x50 CMakeFiles/Fader.dir/Users/ianarchbell/Documents/Pico/pico-sdk/src/rp2_common/pico_async_context/async_context_base.c.o
                0x10007bb4                async_context_base_needs_servicing
 .text.prvHeapInit
                0x10007c04       0x58 CMakeFiles/Fader.dir/__/lib/FreeRTOS-Kernel/portable/MemMang/heap_4.c.o
 .text.prvInsertBlockIntoFreeList
                0x10007c5c       0x88 CMakeFiles/Fader.dir/__/lib/FreeRTOS-Kernel/portable/MemMang/heap_4.c.o
 .text.pvPortMalloc
                0x10007ce4      0x188 CMakeFiles/Fader.dir/__/lib/FreeRTOS-Kernel/portable/MemMang/heap_4.c.o
                0x10007ce4                pvPortMalloc
 .text.vPortFree
                0x10007e6c       0xa4 CMakeFiles/Fader.dir/__/lib/FreeRTOS-Kernel/portable/MemMang/heap_4.c.o
                0x10007e6c                vPortFree
 .text.vPortGetHeapStats
                0x10007f10       0x84 CMakeFiles/Fader.dir/__/lib/FreeRTOS-Kernel/portable/MemMang/heap_4.c.o
                0x10007f10                vPortGetHeapStats
 .text.vPortSVCHandler
                0x10007f94        0x2 CMakeFiles/Fader.dir/__/lib/FreeRTOS-Kernel/portable/ThirdParty/GCC/RP2040/port.c.o
                0x10007f94                vPortSVCHandler
 *fill*         0x10007f96        0xa 
 .text.vPortStartFirstTask
                0x10007fa0       0x38 CMakeFiles/Fader.dir/__/lib/FreeRTOS-Kernel/portable/ThirdParty/GCC/RP2040/port.c.o
 .text.prvFIFOInterruptHandler
                0x10007fd8       0x28 CMakeFiles/Fader.dir/__/lib/FreeRTOS-Kernel/portable/ThirdParty/GCC/RP2040/port.c.o
 .text.xPortPendSVHandler
                0x10008000       0x78 CMakeFiles/Fader.dir/__/lib/FreeRTOS-Kernel/portable/ThirdParty/GCC/RP2040/port.c.o
                0x10008000                xPortPendSVHandler
 .text.prvTaskExitError
                0x10008078        0x6 CMakeFiles/Fader.dir/__/lib/FreeRTOS-Kernel/portable/ThirdParty/GCC/RP2040/port.c.o
 *fill*         0x1000807e        0x2 
 .text.xPortSysTickHandler
                0x10008080       0x24 CMakeFiles/Fader.dir/__/lib/FreeRTOS-Kernel/portable/ThirdParty/GCC/RP2040/port.c.o
                0x10008080                xPortSysTickHandler
 .text.prvGetTicksToWaitBefore
                0x100080a4       0x40 CMakeFiles/Fader.dir/__/lib/FreeRTOS-Kernel/portable/ThirdParty/GCC/RP2040/port.c.o
 .text.pxPortInitialiseStack
                0x100080e4       0x24 CMakeFiles/Fader.dir/__/lib/FreeRTOS-Kernel/portable/ThirdParty/GCC/RP2040/port.c.o
                0x100080e4                pxPortInitialiseStack
 .text.vPortYield
                0x10008108       0x18 CMakeFiles/Fader.dir/__/lib/FreeRTOS-Kernel/portable/ThirdParty/GCC/RP2040/port.c.o
                0x10008108                vPortYield
 .text.ulSetInterruptMaskFromISR
                0x10008120        0x8 CMakeFiles/Fader.dir/__/lib/FreeRTOS-Kernel/portable/ThirdParty/GCC/RP2040/port.c.o
                0x10008120                ulSetInterruptMaskFromISR
 .text.vClearInterruptMaskFromISR
                0x10008128        0x6 CMakeFiles/Fader.dir/__/lib/FreeRTOS-Kernel/portable/ThirdParty/GCC/RP2040/port.c.o
                0x10008128                vClearInterruptMaskFromISR
 *fill*         0x1000812e        0x2 
 .text.vYieldCore
                0x10008130       0x34 CMakeFiles/Fader.dir/__/lib/FreeRTOS-Kernel/portable/ThirdParty/GCC/RP2040/port.c.o
                0x10008130                vYieldCore
 .text.vPortSetupTimerInterrupt
                0x10008164       0x34 CMakeFiles/Fader.dir/__/lib/FreeRTOS-Kernel/portable/ThirdParty/GCC/RP2040/port.c.o
                0x10008164                vPortSetupTimerInterrupt
 .text.xPortStartSchedulerOnCore
                0x10008198       0xa8 CMakeFiles/Fader.dir/__/lib/FreeRTOS-Kernel/portable/ThirdParty/GCC/RP2040/port.c.o
 .text.xPortStartScheduler
                0x10008240       0x64 CMakeFiles/Fader.dir/__/lib/FreeRTOS-Kernel/portable/ThirdParty/GCC/RP2040/port.c.o
                0x10008240                xPortStartScheduler
 .text.prvDisableInterruptsAndPortStartSchedulerOnCore
                0x100082a4        0x8 CMakeFiles/Fader.dir/__/lib/FreeRTOS-Kernel/portable/ThirdParty/GCC/RP2040/port.c.o
 .text.ulPortLockGetCurrentOwnerId
                0x100082ac       0x30 CMakeFiles/Fader.dir/__/lib/FreeRTOS-Kernel/portable/ThirdParty/GCC/RP2040/port.c.o
                0x100082ac                ulPortLockGetCurrentOwnerId
 .text.vPortLockInternalSpinUnlockWithWait
                0x100082dc       0xa0 CMakeFiles/Fader.dir/__/lib/FreeRTOS-Kernel/portable/ThirdParty/GCC/RP2040/port.c.o
                0x100082dc                vPortLockInternalSpinUnlockWithWait
 .text.vPortLockInternalSpinUnlockWithNotify
                0x1000837c       0x8c CMakeFiles/Fader.dir/__/lib/FreeRTOS-Kernel/portable/ThirdParty/GCC/RP2040/port.c.o
                0x1000837c                vPortLockInternalSpinUnlockWithNotify
 .text.xPortLockInternalSpinUnlockWithBestEffortWaitOrTimeout
                0x10008408       0xf0 CMakeFiles/Fader.dir/__/lib/FreeRTOS-Kernel/portable/ThirdParty/GCC/RP2040/port.c.o
                0x10008408                xPortLockInternalSpinUnlockWithBestEffortWaitOrTimeout
 .text.prvRuntimeInitializer
                0x100084f8       0x10 CMakeFiles/Fader.dir/__/lib/FreeRTOS-Kernel/portable/ThirdParty/GCC/RP2040/port.c.o
 .text.prvTestWaitCondition
                0x10008508       0x1e CMakeFiles/Fader.dir/__/lib/FreeRTOS-Kernel/event_groups.c.o
 .text.xEventGroupCreate
                0x10008526       0x18 CMakeFiles/Fader.dir/__/lib/FreeRTOS-Kernel/event_groups.c.o
                0x10008526                xEventGroupCreate
 *fill*         0x1000853e        0x2 
 .text.xEventGroupWaitBits
                0x10008540      0x120 CMakeFiles/Fader.dir/__/lib/FreeRTOS-Kernel/event_groups.c.o
                0x10008540                xEventGroupWaitBits
 .text.xEventGroupSetBits
                0x10008660       0x9c CMakeFiles/Fader.dir/__/lib/FreeRTOS-Kernel/event_groups.c.o
                0x10008660                xEventGroupSetBits
 .text.vEventGroupSetBitsCallback
                0x100086fc        0x8 CMakeFiles/Fader.dir/__/lib/FreeRTOS-Kernel/event_groups.c.o
                0x100086fc                vEventGroupSetBitsCallback
 .text.xEventGroupSetBitsFromISR
                0x10008704       0x18 CMakeFiles/Fader.dir/__/lib/FreeRTOS-Kernel/event_groups.c.o
                0x10008704                xEventGroupSetBitsFromISR
 .text.vListInitialise
                0x1000871c       0x16 CMakeFiles/Fader.dir/__/lib/FreeRTOS-Kernel/list.c.o
                0x1000871c                vListInitialise
 .text.vListInitialiseItem
                0x10008732        0x6 CMakeFiles/Fader.dir/__/lib/FreeRTOS-Kernel/list.c.o
                0x10008732                vListInitialiseItem
 .text.vListInsertEnd
                0x10008738       0x16 CMakeFiles/Fader.dir/__/lib/FreeRTOS-Kernel/list.c.o
                0x10008738                vListInsertEnd
 .text.vListInsert
                0x1000874e       0x2e CMakeFiles/Fader.dir/__/lib/FreeRTOS-Kernel/list.c.o
                0x1000874e                vListInsert
 .text.uxListRemove
                0x1000877c       0x24 CMakeFiles/Fader.dir/__/lib/FreeRTOS-Kernel/list.c.o
                0x1000877c                uxListRemove
 .text.prvIsQueueEmpty
                0x100087a0       0x1c CMakeFiles/Fader.dir/__/lib/FreeRTOS-Kernel/queue.c.o
 .text.prvCopyDataToQueue
                0x100087bc       0x7e CMakeFiles/Fader.dir/__/lib/FreeRTOS-Kernel/queue.c.o
 .text.prvCopyDataFromQueue
                0x1000883a       0x24 CMakeFiles/Fader.dir/__/lib/FreeRTOS-Kernel/queue.c.o
 *fill*         0x1000885e        0x2 
 .text.prvNotifyQueueSetContainer
                0x10008860       0xa8 CMakeFiles/Fader.dir/__/lib/FreeRTOS-Kernel/queue.c.o
 .text.prvUnlockQueue
                0x10008908       0x88 CMakeFiles/Fader.dir/__/lib/FreeRTOS-Kernel/queue.c.o
 .text.xQueueGenericReset
                0x10008990       0xd4 CMakeFiles/Fader.dir/__/lib/FreeRTOS-Kernel/queue.c.o
                0x10008990                xQueueGenericReset
 .text.prvInitialiseNewQueue
                0x10008a64       0x26 CMakeFiles/Fader.dir/__/lib/FreeRTOS-Kernel/queue.c.o
 *fill*         0x10008a8a        0x2 
 .text.xQueueGenericCreate
                0x10008a8c       0x88 CMakeFiles/Fader.dir/__/lib/FreeRTOS-Kernel/queue.c.o
                0x10008a8c                xQueueGenericCreate
 .text.xQueueGenericSendFromISR
                0x10008b14      0x13c CMakeFiles/Fader.dir/__/lib/FreeRTOS-Kernel/queue.c.o
                0x10008b14                xQueueGenericSendFromISR
 .text.xQueueReceive
                0x10008c50      0x150 CMakeFiles/Fader.dir/__/lib/FreeRTOS-Kernel/queue.c.o
                0x10008c50                xQueueReceive
 .text.vQueueAddToRegistry
                0x10008da0       0x68 CMakeFiles/Fader.dir/__/lib/FreeRTOS-Kernel/queue.c.o
                0x10008da0                vQueueAddToRegistry
 .text.vQueueWaitForMessageRestricted
                0x10008e08       0x50 CMakeFiles/Fader.dir/__/lib/FreeRTOS-Kernel/queue.c.o
                0x10008e08                vQueueWaitForMessageRestricted
 .text.prvTaskCheckFreeStackSpace
                0x10008e58       0x12 CMakeFiles/Fader.dir/__/lib/FreeRTOS-Kernel/tasks.c.o
 *fill*         0x10008e6a        0x2 
 .text.prvResetNextTaskUnblockTime
                0x10008e6c       0x2c CMakeFiles/Fader.dir/__/lib/FreeRTOS-Kernel/tasks.c.o
 .text.prvDeleteTCB
                0x10008e98       0x12 CMakeFiles/Fader.dir/__/lib/FreeRTOS-Kernel/tasks.c.o
 *fill*         0x10008eaa        0x2 
 .text.prvInitialiseNewTask
                0x10008eac       0xd4 CMakeFiles/Fader.dir/__/lib/FreeRTOS-Kernel/tasks.c.o
 .text.prvCreateTask
                0x10008f80       0x56 CMakeFiles/Fader.dir/__/lib/FreeRTOS-Kernel/tasks.c.o
 *fill*         0x10008fd6        0x2 
 .text.prvPassiveIdleTask
                0x10008fd8       0x18 CMakeFiles/Fader.dir/__/lib/FreeRTOS-Kernel/tasks.c.o
 .text.prvInitialiseTaskLists
                0x10008ff0       0x68 CMakeFiles/Fader.dir/__/lib/FreeRTOS-Kernel/tasks.c.o
 .text.prvYieldForTask